Archive member included because of file (symbol)

/opt/ps3dev/psl1ght/ppu/lib/libtiny3d.a(matrix.o)
                              main.o (MatrixMultiply)
/opt/ps3dev/psl1ght/ppu/lib/libtiny3d.a(tiny3d.o)
                              main.o (tiny3d_Init)
/opt/ps3dev/psl1ght/ppu/lib/libtiny3d.a(vshader_text_normal.vcg.o)
                              /opt/ps3dev/psl1ght/ppu/lib/libtiny3d.a(tiny3d.o) (vshader_text_normal_bin)
/opt/ps3dev/psl1ght/ppu/lib/libtiny3d.a(realityVP.o)
                              /opt/ps3dev/psl1ght/ppu/lib/libtiny3d.a(tiny3d.o) (internal_reality_VertexProgramGetUCode)
/opt/ps3dev/psl1ght/ppu/lib/libtiny3d.a(rsxutil.o)
                              /opt/ps3dev/psl1ght/ppu/lib/libtiny3d.a(tiny3d.o) (waitFlip)
/opt/ps3dev/psl1ght/ppu/lib/libsysmodule.a(sprx.o)
                              main.o (sysModuleLoad)
/opt/ps3dev/psl1ght/ppu/lib/libgcm_sys.a(sprx.o)
                              /opt/ps3dev/psl1ght/ppu/lib/libtiny3d.a(rsxutil.o) (gcmSetFlip)
/opt/ps3dev/psl1ght/ppu/lib/librsx.a(init.o)
                              /opt/ps3dev/psl1ght/ppu/lib/libtiny3d.a(rsxutil.o) (rsxInit)
/opt/ps3dev/psl1ght/ppu/lib/librsx.a(buffer.o)
                              /opt/ps3dev/psl1ght/ppu/lib/libtiny3d.a(rsxutil.o) (rsxFlushBuffer)
/opt/ps3dev/psl1ght/ppu/lib/librsx.a(commands.o)
                              /opt/ps3dev/psl1ght/ppu/lib/libtiny3d.a(tiny3d.o) (rsxContextCallback)
/opt/ps3dev/psl1ght/ppu/lib/librsx.a(mm.o)
                              /opt/ps3dev/psl1ght/ppu/lib/librsx.a(init.o) (rsxHeapInit)
/opt/ps3dev/psl1ght/ppu/lib/librsx.a(vertex_program.o)
                              /opt/ps3dev/psl1ght/ppu/lib/librsx.a(commands.o) (rsxVertexProgramGetConsts)
/opt/ps3dev/psl1ght/ppu/lib/librsx.a(fragment_program.o)
                              /opt/ps3dev/psl1ght/ppu/lib/librsx.a(commands.o) (rsxFragmentProgramGetConsts)
/opt/ps3dev/psl1ght/ppu/lib/libsysutil.a(sprx.o)
                              /opt/ps3dev/psl1ght/ppu/lib/libtiny3d.a(rsxutil.o) (videoConfigure)
/opt/ps3dev/psl1ght/ppu/lib/libsysutil.a(sysutil_wrapper.o)
                              /opt/ps3dev/psl1ght/ppu/lib/libtiny3d.a(tiny3d.o) (sysUtilRegisterCallback)
/opt/ps3dev/psl1ght/ppu/lib/libio.a(sprx.o)
                              main.o (ioPadInit)
/opt/ps3dev/psl1ght/ppu/lib/libpngdec.a(pngdec.o)
                              main.o (pngLoadFromBuffer)
/opt/ps3dev/psl1ght/ppu/lib/libpngdec.a(sprx.o)
                              /opt/ps3dev/psl1ght/ppu/lib/libpngdec.a(pngdec.o) (pngDecDestroy)
/opt/ps3dev/ppu/lib/gcc/powerpc64-ps3-elf/4.7.0/../../../../powerpc64-ps3-elf/lib/libm.a(lib_a-sf_cos.o)
                              /opt/ps3dev/psl1ght/ppu/lib/libtiny3d.a(matrix.o) (cosf)
/opt/ps3dev/ppu/lib/gcc/powerpc64-ps3-elf/4.7.0/../../../../powerpc64-ps3-elf/lib/libm.a(lib_a-sf_sin.o)
                              /opt/ps3dev/psl1ght/ppu/lib/libtiny3d.a(matrix.o) (sinf)
/opt/ps3dev/ppu/lib/gcc/powerpc64-ps3-elf/4.7.0/../../../../powerpc64-ps3-elf/lib/libm.a(lib_a-sf_tan.o)
                              /opt/ps3dev/psl1ght/ppu/lib/libtiny3d.a(matrix.o) (tanf)
/opt/ps3dev/ppu/lib/gcc/powerpc64-ps3-elf/4.7.0/../../../../powerpc64-ps3-elf/lib/libm.a(lib_a-wf_sqrt.o)
                              /opt/ps3dev/psl1ght/ppu/lib/libtiny3d.a(matrix.o) (sqrtf)
/opt/ps3dev/ppu/lib/gcc/powerpc64-ps3-elf/4.7.0/../../../../powerpc64-ps3-elf/lib/libm.a(lib_a-ef_rem_pio2.o)
                              /opt/ps3dev/ppu/lib/gcc/powerpc64-ps3-elf/4.7.0/../../../../powerpc64-ps3-elf/lib/libm.a(lib_a-sf_cos.o) (__ieee754_rem_pio2f)
/opt/ps3dev/ppu/lib/gcc/powerpc64-ps3-elf/4.7.0/../../../../powerpc64-ps3-elf/lib/libm.a(lib_a-ef_sqrt.o)
                              /opt/ps3dev/ppu/lib/gcc/powerpc64-ps3-elf/4.7.0/../../../../powerpc64-ps3-elf/lib/libm.a(lib_a-wf_sqrt.o) (__ieee754_sqrtf)
/opt/ps3dev/ppu/lib/gcc/powerpc64-ps3-elf/4.7.0/../../../../powerpc64-ps3-elf/lib/libm.a(lib_a-kf_cos.o)
                              /opt/ps3dev/ppu/lib/gcc/powerpc64-ps3-elf/4.7.0/../../../../powerpc64-ps3-elf/lib/libm.a(lib_a-sf_cos.o) (__kernel_cosf)
/opt/ps3dev/ppu/lib/gcc/powerpc64-ps3-elf/4.7.0/../../../../powerpc64-ps3-elf/lib/libm.a(lib_a-kf_rem_pio2.o)
                              /opt/ps3dev/ppu/lib/gcc/powerpc64-ps3-elf/4.7.0/../../../../powerpc64-ps3-elf/lib/libm.a(lib_a-ef_rem_pio2.o) (__kernel_rem_pio2f)
/opt/ps3dev/ppu/lib/gcc/powerpc64-ps3-elf/4.7.0/../../../../powerpc64-ps3-elf/lib/libm.a(lib_a-kf_sin.o)
                              /opt/ps3dev/ppu/lib/gcc/powerpc64-ps3-elf/4.7.0/../../../../powerpc64-ps3-elf/lib/libm.a(lib_a-sf_cos.o) (__kernel_sinf)
/opt/ps3dev/ppu/lib/gcc/powerpc64-ps3-elf/4.7.0/../../../../powerpc64-ps3-elf/lib/libm.a(lib_a-kf_tan.o)
                              /opt/ps3dev/ppu/lib/gcc/powerpc64-ps3-elf/4.7.0/../../../../powerpc64-ps3-elf/lib/libm.a(lib_a-sf_tan.o) (__kernel_tanf)
/opt/ps3dev/ppu/lib/gcc/powerpc64-ps3-elf/4.7.0/../../../../powerpc64-ps3-elf/lib/libm.a(lib_a-sf_fabs.o)
[...]
Memory Configuration

Name             Origin             Length             Attributes
*default*        0x0000000000000000 0xffffffffffffffff

Linker script and memory map

                0x0000000000010000                PROVIDE (__executable_start, 0x10000)
                0x0000000000010200                . = (0x10000 + SIZEOF_HEADERS)

.interp
 *(.interp)

.hash
 *(.hash)

.dynsym
 *(.dynsym)

.dynstr
 *(.dynstr)

.gnu.version
 *(.gnu.version)

.gnu.version_d
 *(.gnu.version_d)

.gnu.version_r
 *(.gnu.version_r)

.rel.dyn
 *(.rel.init)
 *(.rel.text .rel.text.* .rel.gnu.linkonce.t.*)
 *(.rel.fini)
 *(.rel.rodata .rel.rodata.* .rel.gnu.linkonce.r.*)
 *(.rel.data.rel.ro*)
 *(.rel.data .rel.data.* .rel.gnu.linkonce.d.*)
 *(.rel.tdata .rel.tdata.* .rel.gnu.linkonce.td.*)
 *(.rel.tbss .rel.tbss.* .rel.gnu.linkonce.tb.*)
 *(.rel.ctors)
 *(.rel.dtors)
 *(.rel.got)
 *(.rel.sdata .rel.sdata.* .rel.gnu.linkonce.s.*)
 *(.rel.sbss .rel.sbss.* .rel.gnu.linkonce.sb.*)
 *(.rel.sdata2 .rel.sdata2.* .rel.gnu.linkonce.s2.*)
 *(.rel.sbss2 .rel.sbss2.* .rel.gnu.linkonce.sb2.*)
 *(.rel.bss .rel.bss.* .rel.gnu.linkonce.b.*)

.rela.dyn       0x0000000000010200        0x0
 *(.rela.init)
 *(.rela.text .rela.text.* .rela.gnu.linkonce.t.*)
 *(.rela.fini)
 *(.rela.rodata .rela.rodata.* .rela.gnu.linkonce.r.*)
 *(.rela.data .rela.data.* .rela.gnu.linkonce.d.*)
 *(.rela.tdata .rela.tdata.* .rela.gnu.linkonce.td.*)
 *(.rela.tbss .rela.tbss.* .rela.gnu.linkonce.tb.*)
 *(.rela.ctors)
 *(.rela.dtors)
 *(.rela.got)
 *(.rela.toc)
 .rela.toc      0x0000000000000000        0x0 linker stubs
 *(.rela.sdata .rela.sdata.* .rela.gnu.linkonce.s.*)
 *(.rela.sbss .rela.sbss.* .rela.gnu.linkonce.sb.*)
 *(.rela.sdata2 .rela.sdata2.* .rela.gnu.linkonce.s2.*)
 *(.rela.sbss2 .rela.sbss2.* .rela.gnu.linkonce.sb2.*)
 *(.rela.bss .rela.bss.* .rela.gnu.linkonce.b.*)
 .rela.iplt     0x0000000000000000        0x0 linker stubs
 .rela.sys_proc_prx_param
                0x0000000000000000        0x0 linker stubs
 .rela.opd      0x0000000000000000        0x0 linker stubs

.rel.plt
 *(.rel.plt)

.rela.plt
 *(.rela.plt)

.rela.tocbss
 *(.rela.tocbss)

.init           0x0000000000010200       0x2c
 *(.init)
 .init          0x0000000000010200        0xc /opt/ps3dev/ppu/lib/gcc/powerpc64-ps3-elf/4.7.0/../../../../powerpc64-ps3-elf/lib/lv2-crti.o
                0x0000000000010200                ._init
 .init          0x000000000001020c        0x8 /opt/ps3dev/ppu/lib/gcc/powerpc64-ps3-elf/4.7.0/crtbegin.o
 .init          0x0000000000010214        0x8 /opt/ps3dev/ppu/lib/gcc/powerpc64-ps3-elf/4.7.0/crtend.o
 .init          0x000000000001021c       0x10 /opt/ps3dev/ppu/lib/gcc/powerpc64-ps3-elf/4.7.0/../../../../powerpc64-ps3-elf/lib/lv2-crtn.o

.text           0x0000000000010230    0x27fcc
 *(.text .stub .text.* .gnu.linkonce.t.*)
 .text          0x0000000000010230        0x0 /opt/ps3dev/ppu/lib/gcc/powerpc64-ps3-elf/4.7.0/../../../../powerpc64-ps3-elf/lib/lv2-crti.o
 .text          0x0000000000010230        0x0 /opt/ps3dev/ppu/lib/gcc/powerpc64-ps3-elf/4.7.0/crtbegin.o
 .text.deregister_tm_clones
                0x0000000000010230       0x5c /opt/ps3dev/ppu/lib/gcc/powerpc64-ps3-elf/4.7.0/crtbegin.o
 *fill*         0x000000000001028c        0x4 60000000
 .text.register_tm_clones
                0x0000000000010290       0x60 /opt/ps3dev/ppu/lib/gcc/powerpc64-ps3-elf/4.7.0/crtbegin.o
 .text.__do_global_dtors_aux
                0x00000000000102f0       0xcc /opt/ps3dev/ppu/lib/gcc/powerpc64-ps3-elf/4.7.0/crtbegin.o
 *fill*         0x00000000000103bc        0x4 60000000
 .text.frame_dummy
                0x00000000000103c0       0x70 /opt/ps3dev/ppu/lib/gcc/powerpc64-ps3-elf/4.7.0/crtbegin.o
 .text          0x0000000000010430       0x58 /opt/ps3dev/ppu/lib/gcc/powerpc64-ps3-elf/4.7.0/../../../../powerpc64-ps3-elf/lib/lv2-crt0.o
                0x0000000000010430                ._start
 .text.startup.__syscalls_init
                0x0000000000010488      0x12c /opt/ps3dev/ppu/lib/gcc/powerpc64-ps3-elf/4.7.0/../../../../powerpc64-ps3-elf/lib/lv2-crt0.o
 *fill*         0x00000000000105b4        0x4 60000000
 .text._initialize
                0x00000000000105b8       0x40 /opt/ps3dev/ppu/lib/gcc/powerpc64-ps3-elf/4.7.0/../../../../powerpc64-ps3-elf/lib/lv2-crt0.o
                0x00000000000105b8                ._initialize
 .text          0x00000000000105f8        0x0 /opt/ps3dev/ppu/lib/gcc/powerpc64-ps3-elf/4.7.0/../../../../powerpc64-ps3-elf/lib/lv2-sprx.o
 .text          0x00000000000105f8        0x0 ghost1_png.bin.o
 .text          0x00000000000105f8        0x0 ghost2_png.bin.o
 .text          0x00000000000105f8        0x0 ghost3_png.bin.o
 .text          0x00000000000105f8        0x0 ghost4_png.bin.o
 .text          0x00000000000105f8        0x0 ghost5_png.bin.o
 .text          0x00000000000105f8        0x0 ghost6_png.bin.o
 .text          0x00000000000105f8        0x0 ghost7_png.bin.o
 .text          0x00000000000105f8        0x0 ghost8_png.bin.o
 .text          0x00000000000105f8        0x0 main.o
 .text.exiting  0x00000000000105f8       0x34 main.o
                0x00000000000105f8                .exiting
 *fill*         0x000000000001062c        0x4 60000000
 .text.DrawBackground2D
                0x0000000000010630       0xdc main.o
                0x0000000000010630                .DrawBackground2D
 *fill*         0x000000000001070c        0x4 60000000
 .text.DrawSprites2D
                0x0000000000010710      0x148 main.o
                0x0000000000010710                .DrawSprites2D
 .text.DrawSpritesRot2D
                0x0000000000010858      0x278 main.o
                0x0000000000010858                .DrawSpritesRot2D
 .text.drawScene
                0x0000000000010ad0      0x31c main.o
                0x0000000000010ad0                .drawScene
 *fill*         0x0000000000010dec        0x4 60000000
 .text.Load_PNG
                0x0000000000010df0      0x134 main.o
                0x0000000000010df0                .Load_PNG
 *fill*         0x0000000000010f24        0x4 60000000
 .text.LoadTexture
                0x0000000000010f28       0xf0 main.o
                0x0000000000010f28                .LoadTexture
 .text.startup.main
                0x0000000000011018      0x1cc main.o
                0x0000000000011018                .main
 .text          0x00000000000111e4        0x0 /opt/ps3dev/psl1ght/ppu/lib/libtiny3d.a(matrix.o)
 *fill*         0x00000000000111e4        0x4 60000000
 .text.MatrixProjPerspective
                0x00000000000111e8      0x120 /opt/ps3dev/psl1ght/ppu/lib/libtiny3d.a(matrix.o)
                0x00000000000111e8                .MatrixProjPerspective
 .text.MatrixVectorMultiply
                0x0000000000011308       0xa4 /opt/ps3dev/psl1ght/ppu/lib/libtiny3d.a(matrix.o)
                0x0000000000011308                .MatrixVectorMultiply
 *fill*         0x00000000000113ac        0x4 60000000
 .text.MatrixVectorMultiply3x3
                0x00000000000113b0       0x8c /opt/ps3dev/psl1ght/ppu/lib/libtiny3d.a(matrix.o)
                0x00000000000113b0                .MatrixVectorMultiply3x3
 *fill*         0x000000000001143c        0x4 60000000
 .text.MatrixMultiply
                0x0000000000011440      0x2cc /opt/ps3dev/psl1ght/ppu/lib/libtiny3d.a(matrix.o)
                0x0000000000011440                .MatrixMultiply
 *fill*         0x000000000001170c        0x4 60000000
 .text.MatrixIdentity
                0x0000000000011710       0x54 /opt/ps3dev/psl1ght/ppu/lib/libtiny3d.a(matrix.o)
                0x0000000000011710                .MatrixIdentity
 *fill*         0x0000000000011764        0x4 60000000
 .text.MatrixTranslation
                0x0000000000011768       0x58 /opt/ps3dev/psl1ght/ppu/lib/libtiny3d.a(matrix.o)
                0x0000000000011768                .MatrixTranslation
 .text.MatrixTranspose
                0x00000000000117c0       0xd8 /opt/ps3dev/psl1ght/ppu/lib/libtiny3d.a(matrix.o)
                0x00000000000117c0                .MatrixTranspose
 .text.MatrixScale
                0x0000000000011898       0x60 /opt/ps3dev/psl1ght/ppu/lib/libtiny3d.a(matrix.o)
                0x0000000000011898                .MatrixScale
 .text.MatrixRotationX
                0x00000000000118f8       0xbc /opt/ps3dev/psl1ght/ppu/lib/libtiny3d.a(matrix.o)
                0x00000000000118f8                .MatrixRotationX
 *fill*         0x00000000000119b4        0x4 60000000
 .text.MatrixRotationY
                0x00000000000119b8       0xbc /opt/ps3dev/psl1ght/ppu/lib/libtiny3d.a(matrix.o)
                0x00000000000119b8                .MatrixRotationY
 *fill*         0x0000000000011a74        0x4 60000000
 .text.MatrixRotationZ
                0x0000000000011a78       0xbc /opt/ps3dev/psl1ght/ppu/lib/libtiny3d.a(matrix.o)
                0x0000000000011a78                .MatrixRotationZ
 *fill*         0x0000000000011b34        0x4 60000000
 .text.MatrixRotationAxis
                0x0000000000011b38      0x2a8 /opt/ps3dev/psl1ght/ppu/lib/libtiny3d.a(matrix.o)
                0x0000000000011b38                .MatrixRotationAxis
 .text.VectorToUnit
                0x0000000000011de0       0xbc /opt/ps3dev/psl1ght/ppu/lib/libtiny3d.a(matrix.o)
                0x0000000000011de0                .VectorToUnit
 *fill*         0x0000000000011e9c        0x4 60000000
 .text.VectorNormalPlane
                0x0000000000011ea0       0xdc /opt/ps3dev/psl1ght/ppu/lib/libtiny3d.a(matrix.o)
                0x0000000000011ea0                .VectorNormalPlane
 .text          0x0000000000011f7c        0x0 /opt/ps3dev/psl1ght/ppu/lib/libtiny3d.a(tiny3d.o)
 *fill*         0x0000000000011f7c        0x4 60000000
 .text.put_vertex
                0x0000000000011f80      0x22c /opt/ps3dev/psl1ght/ppu/lib/libtiny3d.a(tiny3d.o)
 *fill*         0x00000000000121ac        0x4 60000000
 .text.push_list_cmd
                0x00000000000121b0      0x15c /opt/ps3dev/psl1ght/ppu/lib/libtiny3d.a(tiny3d.o)
 *fill*         0x000000000001230c        0x4 60000000
 .text.tiny3d_callback
                0x0000000000012310      0x164 /opt/ps3dev/psl1ght/ppu/lib/libtiny3d.a(tiny3d.o)
 *fill*         0x0000000000012474        0x4 60000000
 .text.push_normal_list
                0x0000000000012478      0x1b4 /opt/ps3dev/psl1ght/ppu/lib/libtiny3d.a(tiny3d.o)
 *fill*         0x000000000001262c        0x4 60000000
 .text.push_position_list
                0x0000000000012630      0x1e8 /opt/ps3dev/psl1ght/ppu/lib/libtiny3d.a(tiny3d.o)
 .text.internal_reality_SetClearColor
                0x0000000000012818       0xd8 /opt/ps3dev/psl1ght/ppu/lib/libtiny3d.a(tiny3d.o)
                0x0000000000012818                .internal_reality_SetClearColor
 .text.internal_reality_SetClearDepthValue
                0x00000000000128f0       0xd8 /opt/ps3dev/psl1ght/ppu/lib/libtiny3d.a(tiny3d.o)
                0x00000000000128f0                .internal_reality_SetClearDepthValue
 .text.internal_reality_Nop
                0x00000000000129c8       0xd0 /opt/ps3dev/psl1ght/ppu/lib/libtiny3d.a(tiny3d.o)
                0x00000000000129c8                .internal_reality_Nop
 .text.internal_reality_ClearBuffers
                0x0000000000012a98       0xb8 /opt/ps3dev/psl1ght/ppu/lib/libtiny3d.a(tiny3d.o)
                0x0000000000012a98                .internal_reality_ClearBuffers
 .text.internal_reality_SetRenderSurface
                0x0000000000012b50       0xf0 /opt/ps3dev/psl1ght/ppu/lib/libtiny3d.a(tiny3d.o)
                0x0000000000012b50                .internal_reality_SetRenderSurface
 .text.internal_reality_SelectRenderTarget
                0x0000000000012c40      0x158 /opt/ps3dev/psl1ght/ppu/lib/libtiny3d.a(tiny3d.o)
                0x0000000000012c40                .internal_reality_SelectRenderTarget
 .text.internal_reality_Viewport
                0x0000000000012d98       0xb8 /opt/ps3dev/psl1ght/ppu/lib/libtiny3d.a(tiny3d.o)
                0x0000000000012d98                .internal_reality_Viewport
 .text.internal_reality_ViewportClip
                0x0000000000012e50       0xd0 /opt/ps3dev/psl1ght/ppu/lib/libtiny3d.a(tiny3d.o)
                0x0000000000012e50                .internal_reality_ViewportClip
 .text.internal_reality_VertexBegin
                0x0000000000012f20       0xd8 /opt/ps3dev/psl1ght/ppu/lib/libtiny3d.a(tiny3d.o)
                0x0000000000012f20                .internal_reality_VertexBegin
 .text.internal_reality_VertexEnd
                0x0000000000012ff8       0xd0 /opt/ps3dev/psl1ght/ppu/lib/libtiny3d.a(tiny3d.o)
                0x0000000000012ff8                .internal_reality_VertexEnd
 .text.internal_reality_Vertex4f
                0x00000000000130c8       0xc8 /opt/ps3dev/psl1ght/ppu/lib/libtiny3d.a(tiny3d.o)
                0x00000000000130c8                .internal_reality_Vertex4f
 .text.internal_reality_TexCoord2f
                0x0000000000013190       0xe8 /opt/ps3dev/psl1ght/ppu/lib/libtiny3d.a(tiny3d.o)
                0x0000000000013190                .internal_reality_TexCoord2f
 .text.internal_reality_LoadVertexProgram_old
                0x0000000000013278      0x164 /opt/ps3dev/psl1ght/ppu/lib/libtiny3d.a(tiny3d.o)
                0x0000000000013278                .internal_reality_LoadVertexProgram_old
 *fill*         0x00000000000133dc        0x4 60000000
 .text.internal_reality_SetVertexProgramConstant4f
                0x00000000000133e0       0xd0 /opt/ps3dev/psl1ght/ppu/lib/libtiny3d.a(tiny3d.o)
                0x00000000000133e0                .internal_reality_SetVertexProgramConstant4f
 .text.internal_reality_LoadVertexProgram
                0x00000000000134b0      0x1ec /opt/ps3dev/psl1ght/ppu/lib/libtiny3d.a(tiny3d.o)
                0x00000000000134b0                .internal_reality_LoadVertexProgram
 *fill*         0x000000000001369c        0x4 60000000
 .text.internal_reality_SetVertexProgramConstant4fBlock
                0x00000000000136a0       0x88 /opt/ps3dev/psl1ght/ppu/lib/libtiny3d.a(tiny3d.o)
                0x00000000000136a0                .internal_reality_SetVertexProgramConstant4fBlock
 .text.Update_With_Normal
                0x0000000000013728      0x2d8 /opt/ps3dev/psl1ght/ppu/lib/libtiny3d.a(tiny3d.o)
 .text.internal_reality_InstallFragmentProgram
                0x0000000000013a00       0x90 /opt/ps3dev/psl1ght/ppu/lib/libtiny3d.a(tiny3d.o)
                0x0000000000013a00                .internal_reality_InstallFragmentProgram
 .text.internal_reality_LoadFragmentProgram
                0x0000000000013a90       0xe0 /opt/ps3dev/psl1ght/ppu/lib/libtiny3d.a(tiny3d.o)
                0x0000000000013a90                .internal_reality_LoadFragmentProgram
 .text.internal_reality_SetTexture
                0x0000000000013b70      0x120 /opt/ps3dev/psl1ght/ppu/lib/libtiny3d.a(tiny3d.o)
                0x0000000000013b70                .internal_reality_SetTexture
 .text.internal_reality_ViewportTranslate
                0x0000000000013c90       0xc8 /opt/ps3dev/psl1ght/ppu/lib/libtiny3d.a(tiny3d.o)
                0x0000000000013c90                .internal_reality_ViewportTranslate
 .text.internal_reality_ViewportScale
                0x0000000000013d58       0xc8 /opt/ps3dev/psl1ght/ppu/lib/libtiny3d.a(tiny3d.o)
                0x0000000000013d58                .internal_reality_ViewportScale
 .text.internal_reality_CullFace
                0x0000000000013e20       0xd8 /opt/ps3dev/psl1ght/ppu/lib/libtiny3d.a(tiny3d.o)
                0x0000000000013e20                .internal_reality_CullFace
 .text.internal_reality_FrontFace
                0x0000000000013ef8       0xd8 /opt/ps3dev/psl1ght/ppu/lib/libtiny3d.a(tiny3d.o)
                0x0000000000013ef8                .internal_reality_FrontFace
 .text.internal_reality_CullEnable
                0x0000000000013fd0       0xd8 /opt/ps3dev/psl1ght/ppu/lib/libtiny3d.a(tiny3d.o)
                0x0000000000013fd0                .internal_reality_CullEnable
 .text.internal_reality_AlphaEnable
                0x00000000000140a8       0xd8 /opt/ps3dev/psl1ght/ppu/lib/libtiny3d.a(tiny3d.o)
                0x00000000000140a8                .internal_reality_AlphaEnable
 .text.internal_reality_AlphaRef
                0x0000000000014180       0xd8 /opt/ps3dev/psl1ght/ppu/lib/libtiny3d.a(tiny3d.o)
                0x0000000000014180                .internal_reality_AlphaRef
 .text.internal_reality_AlphaFunc
                0x0000000000014258       0xd8 /opt/ps3dev/psl1ght/ppu/lib/libtiny3d.a(tiny3d.o)
                0x0000000000014258                .internal_reality_AlphaFunc
 .text.internal_reality_BlendEnable
                0x0000000000014330       0xd8 /opt/ps3dev/psl1ght/ppu/lib/libtiny3d.a(tiny3d.o)
                0x0000000000014330                .internal_reality_BlendEnable
 .text.internal_reality_BlendEquation
                0x0000000000014408       0xd8 /opt/ps3dev/psl1ght/ppu/lib/libtiny3d.a(tiny3d.o)
                0x0000000000014408                .internal_reality_BlendEquation
 .text.internal_reality_BlendFunc
                0x00000000000144e0       0xe4 /opt/ps3dev/psl1ght/ppu/lib/libtiny3d.a(tiny3d.o)
                0x00000000000144e0                .internal_reality_BlendFunc
 *fill*         0x00000000000145c4        0x4 60000000
 .text.internal_reality_ZControl
                0x00000000000145c8       0xc8 /opt/ps3dev/psl1ght/ppu/lib/libtiny3d.a(tiny3d.o)
                0x00000000000145c8                .internal_reality_ZControl
 .text.internal_reality_BindVertexBufferAttribute
                0x0000000000014690      0x100 /opt/ps3dev/psl1ght/ppu/lib/libtiny3d.a(tiny3d.o)
                0x0000000000014690                .internal_reality_BindVertexBufferAttribute
 .text.internal_reality_DrawVertexBuffer
                0x0000000000014790      0x234 /opt/ps3dev/psl1ght/ppu/lib/libtiny3d.a(tiny3d.o)
                0x0000000000014790                .internal_reality_DrawVertexBuffer
 *fill*         0x00000000000149c4        0x4 60000000
 .text.internal_reality_DrawVertexBufferIndex
                0x00000000000149c8      0x264 /opt/ps3dev/psl1ght/ppu/lib/libtiny3d.a(tiny3d.o)
                0x00000000000149c8                .internal_reality_DrawVertexBufferIndex
 *fill*         0x0000000000014c2c        0x4 60000000
 .text.internal_reality_DepthTestEnable
                0x0000000000014c30       0xd8 /opt/ps3dev/psl1ght/ppu/lib/libtiny3d.a(tiny3d.o)
                0x0000000000014c30                .internal_reality_DepthTestEnable
 .text.internal_reality_DepthTestFunc
                0x0000000000014d08       0xd8 /opt/ps3dev/psl1ght/ppu/lib/libtiny3d.a(tiny3d.o)
                0x0000000000014d08                .internal_reality_DepthTestFunc
 .text.internal_reality_DepthWriteEnable
                0x0000000000014de0       0xd8 /opt/ps3dev/psl1ght/ppu/lib/libtiny3d.a(tiny3d.o)
                0x0000000000014de0                .internal_reality_DepthWriteEnable
 .text.tiny3d_RecordList
                0x0000000000014eb8       0x9c /opt/ps3dev/psl1ght/ppu/lib/libtiny3d.a(tiny3d.o)
                0x0000000000014eb8                .tiny3d_RecordList
 *fill*         0x0000000000014f54        0x4 60000000
 .text.tiny3d_StopList
                0x0000000000014f58      0x158 /opt/ps3dev/psl1ght/ppu/lib/libtiny3d.a(tiny3d.o)
                0x0000000000014f58                .tiny3d_StopList
 .text.tiny3d_FreeList
                0x00000000000150b0       0xcc /opt/ps3dev/psl1ght/ppu/lib/libtiny3d.a(tiny3d.o)
                0x00000000000150b0                .tiny3d_FreeList
 *fill*         0x000000000001517c        0x4 60000000
 .text.tiny3d_DynamicMatrixList
                0x0000000000015180       0xf0 /opt/ps3dev/psl1ght/ppu/lib/libtiny3d.a(tiny3d.o)
                0x0000000000015180                .tiny3d_DynamicMatrixList
 .text.tiny3d_ApplyMatrixList
                0x0000000000015270       0xb0 /opt/ps3dev/psl1ght/ppu/lib/libtiny3d.a(tiny3d.o)
                0x0000000000015270                .tiny3d_ApplyMatrixList
 .text.tiny3d_Init
                0x0000000000015320      0x4e4 /opt/ps3dev/psl1ght/ppu/lib/libtiny3d.a(tiny3d.o)
                0x0000000000015320                .tiny3d_Init
 *fill*         0x0000000000015804        0x4 60000000
 .text.tiny3d_SetPolygon
                0x0000000000015808      0x25c /opt/ps3dev/psl1ght/ppu/lib/libtiny3d.a(tiny3d.o)
                0x0000000000015808                .tiny3d_SetPolygon
 *fill*         0x0000000000015a64        0x4 60000000
 .text.tiny3d_VertexPos
                0x0000000000015a68       0xcc /opt/ps3dev/psl1ght/ppu/lib/libtiny3d.a(tiny3d.o)
                0x0000000000015a68                .tiny3d_VertexPos
 *fill*         0x0000000000015b34        0x4 60000000
 .text.tiny3d_VertexPos4
                0x0000000000015b38       0xd0 /opt/ps3dev/psl1ght/ppu/lib/libtiny3d.a(tiny3d.o)
                0x0000000000015b38                .tiny3d_VertexPos4
 .text.tiny3d_VertexPosVector
                0x0000000000015c08       0xe0 /opt/ps3dev/psl1ght/ppu/lib/libtiny3d.a(tiny3d.o)
                0x0000000000015c08                .tiny3d_VertexPosVector
 .text.tiny3d_VertexColor
                0x0000000000015ce8       0xb4 /opt/ps3dev/psl1ght/ppu/lib/libtiny3d.a(tiny3d.o)
                0x0000000000015ce8                .tiny3d_VertexColor
 *fill*         0x0000000000015d9c        0x4 60000000
 .text.tiny3d_VertexFcolor
                0x0000000000015da0      0x104 /opt/ps3dev/psl1ght/ppu/lib/libtiny3d.a(tiny3d.o)
                0x0000000000015da0                .tiny3d_VertexFcolor
 *fill*         0x0000000000015ea4        0x4 60000000
 .text.tiny3d_VertexTexture
                0x0000000000015ea8       0xbc /opt/ps3dev/psl1ght/ppu/lib/libtiny3d.a(tiny3d.o)
                0x0000000000015ea8                .tiny3d_VertexTexture
 *fill*         0x0000000000015f64        0x4 60000000
 .text.tiny3d_VertexTexture2
                0x0000000000015f68       0xcc /opt/ps3dev/psl1ght/ppu/lib/libtiny3d.a(tiny3d.o)
                0x0000000000015f68                .tiny3d_VertexTexture2
 *fill*         0x0000000000016034        0x4 60000000
 .text.tiny3d_Normal
                0x0000000000016038       0x48 /opt/ps3dev/psl1ght/ppu/lib/libtiny3d.a(tiny3d.o)
                0x0000000000016038                .tiny3d_Normal
 .text.tiny3d_NormalVector
                0x0000000000016080       0x58 /opt/ps3dev/psl1ght/ppu/lib/libtiny3d.a(tiny3d.o)
                0x0000000000016080                .tiny3d_NormalVector
 .text.tiny3d_End
                0x00000000000160d8      0xaac /opt/ps3dev/psl1ght/ppu/lib/libtiny3d.a(tiny3d.o)
                0x00000000000160d8                .tiny3d_End
 *fill*         0x0000000000016b84        0x4 60000000
 .text.tiny3d_SetMatrixModelView
                0x0000000000016b88      0x274 /opt/ps3dev/psl1ght/ppu/lib/libtiny3d.a(tiny3d.o)
                0x0000000000016b88                .tiny3d_SetMatrixModelView
 *fill*         0x0000000000016dfc        0x4 60000000
 .text.tiny3d_SetProjectionMatrix
                0x0000000000016e00       0xd8 /opt/ps3dev/psl1ght/ppu/lib/libtiny3d.a(tiny3d.o)
                0x0000000000016e00                .tiny3d_SetProjectionMatrix
 .text.tiny3d_Flip
                0x0000000000016ed8      0x118 /opt/ps3dev/psl1ght/ppu/lib/libtiny3d.a(tiny3d.o)
                0x0000000000016ed8                .tiny3d_Flip
 .text.tiny3d_UserViewport
                0x0000000000016ff0       0x48 /opt/ps3dev/psl1ght/ppu/lib/libtiny3d.a(tiny3d.o)
                0x0000000000016ff0                .tiny3d_UserViewport
 .text.tiny3d_Project2D
                0x0000000000017038      0x270 /opt/ps3dev/psl1ght/ppu/lib/libtiny3d.a(tiny3d.o)
                0x0000000000017038                .tiny3d_Project2D
 .text.tiny3d_Project3D
                0x00000000000172a8      0x1c4 /opt/ps3dev/psl1ght/ppu/lib/libtiny3d.a(tiny3d.o)
                0x00000000000172a8                .tiny3d_Project3D
 *fill*         0x000000000001746c        0x4 60000000
 .text.tiny3d_Clear
                0x0000000000017470      0x2d4 /opt/ps3dev/psl1ght/ppu/lib/libtiny3d.a(tiny3d.o)
                0x0000000000017470                .tiny3d_Clear
 *fill*         0x0000000000017744        0x4 60000000
 .text.tiny3d_ClearSurface
                0x0000000000017748      0x1e0 /opt/ps3dev/psl1ght/ppu/lib/libtiny3d.a(tiny3d.o)
                0x0000000000017748                .tiny3d_ClearSurface
 .text.tiny3d_AlphaTest
                0x0000000000017928       0x78 /opt/ps3dev/psl1ght/ppu/lib/libtiny3d.a(tiny3d.o)
                0x0000000000017928                .tiny3d_AlphaTest
 .text.tiny3d_BlendFunc
                0x00000000000179a0       0x74 /opt/ps3dev/psl1ght/ppu/lib/libtiny3d.a(tiny3d.o)
                0x00000000000179a0                .tiny3d_BlendFunc
 *fill*         0x0000000000017a14        0x4 60000000
 .text.tiny3d_SetTextureWrap
                0x0000000000017a18      0x264 /opt/ps3dev/psl1ght/ppu/lib/libtiny3d.a(tiny3d.o)
                0x0000000000017a18                .tiny3d_SetTextureWrap
 *fill*         0x0000000000017c7c        0x4 60000000
 .text.tiny3d_SetTexture
                0x0000000000017c80      0x1a0 /opt/ps3dev/psl1ght/ppu/lib/libtiny3d.a(tiny3d.o)
                0x0000000000017c80                .tiny3d_SetTexture
 .text.tiny3d_AllocTexture
                0x0000000000017e20       0x38 /opt/ps3dev/psl1ght/ppu/lib/libtiny3d.a(tiny3d.o)
                0x0000000000017e20                .tiny3d_AllocTexture
 .text.tiny3d_TextureOffset
                0x0000000000017e58       0x60 /opt/ps3dev/psl1ght/ppu/lib/libtiny3d.a(tiny3d.o)
                0x0000000000017e58                .tiny3d_TextureOffset
 .text.tiny3d_EmissiveMaterial
                0x0000000000017eb8       0xf4 /opt/ps3dev/psl1ght/ppu/lib/libtiny3d.a(tiny3d.o)
                0x0000000000017eb8                .tiny3d_EmissiveMaterial
 *fill*         0x0000000000017fac        0x4 60000000
 .text.tiny3d_AmbientMaterial
                0x0000000000017fb0       0xf4 /opt/ps3dev/psl1ght/ppu/lib/libtiny3d.a(tiny3d.o)
                0x0000000000017fb0                .tiny3d_AmbientMaterial
 *fill*         0x00000000000180a4        0x4 60000000
 .text.tiny3d_DiffuseMaterial
                0x00000000000180a8       0xf4 /opt/ps3dev/psl1ght/ppu/lib/libtiny3d.a(tiny3d.o)
                0x00000000000180a8                .tiny3d_DiffuseMaterial
 *fill*         0x000000000001819c        0x4 60000000
 .text.tiny3d_SpecularMaterial
                0x00000000000181a0       0xf4 /opt/ps3dev/psl1ght/ppu/lib/libtiny3d.a(tiny3d.o)
                0x00000000000181a0                .tiny3d_SpecularMaterial
 *fill*         0x0000000000018294        0x4 60000000
 .text.tiny3d_SetLightCameraPosition
                0x0000000000018298       0x38 /opt/ps3dev/psl1ght/ppu/lib/libtiny3d.a(tiny3d.o)
                0x0000000000018298                .tiny3d_SetLightCameraPosition
 .text.tiny3d_SetLight
                0x00000000000182d0       0x90 /opt/ps3dev/psl1ght/ppu/lib/libtiny3d.a(tiny3d.o)
                0x00000000000182d0                .tiny3d_SetLight
 .text.tiny3d_SetLightsOff
                0x0000000000018360       0x38 /opt/ps3dev/psl1ght/ppu/lib/libtiny3d.a(tiny3d.o)
                0x0000000000018360                .tiny3d_SetLightsOff
 .text.tiny3d_SetAmbientLight
                0x0000000000018398       0x38 /opt/ps3dev/psl1ght/ppu/lib/libtiny3d.a(tiny3d.o)
                0x0000000000018398                .tiny3d_SetAmbientLight
 .text.tiny3d_SelMultiTexturesMethod
                0x00000000000183d0       0xac /opt/ps3dev/psl1ght/ppu/lib/libtiny3d.a(tiny3d.o)
                0x00000000000183d0                .tiny3d_SelMultiTexturesMethod
 *fill*         0x000000000001847c        0x4 60000000
 .text.tiny3d_DrawList
                0x0000000000018480      0x654 /opt/ps3dev/psl1ght/ppu/lib/libtiny3d.a(tiny3d.o)
                0x0000000000018480                .tiny3d_DrawList
 *fill*         0x0000000000018ad4        0x4 60000000
 .text.tiny3d_MenuActive
                0x0000000000018ad8       0x1c /opt/ps3dev/psl1ght/ppu/lib/libtiny3d.a(tiny3d.o)
                0x0000000000018ad8                .tiny3d_MenuActive
 *fill*         0x0000000000018af4        0x4 60000000
 .text.tiny3d_Enable_YUV
                0x0000000000018af8       0x2c /opt/ps3dev/psl1ght/ppu/lib/libtiny3d.a(tiny3d.o)
                0x0000000000018af8                .tiny3d_Enable_YUV
 *fill*         0x0000000000018b24        0x4 60000000
 .text.tiny3d_Disable_YUV
                0x0000000000018b28       0x28 /opt/ps3dev/psl1ght/ppu/lib/libtiny3d.a(tiny3d.o)
                0x0000000000018b28                .tiny3d_Disable_YUV
 .text.tiny3d_Dirty_Status
                0x0000000000018b50       0x4c /opt/ps3dev/psl1ght/ppu/lib/libtiny3d.a(tiny3d.o)
                0x0000000000018b50                .tiny3d_Dirty_Status
 .text          0x0000000000018b9c        0x0 /opt/ps3dev/psl1ght/ppu/lib/libtiny3d.a(vshader_text_normal.vcg.o)
 .text          0x0000000000018b9c        0x0 /opt/ps3dev/psl1ght/ppu/lib/libtiny3d.a(realityVP.o)
 *fill*         0x0000000000018b9c        0x4 60000000
 .text.internal_reality_VertexProgramGetUCode
                0x0000000000018ba0       0x18 /opt/ps3dev/psl1ght/ppu/lib/libtiny3d.a(realityVP.o)
                0x0000000000018ba0                .internal_reality_VertexProgramGetUCode
 .text.internal_reality_VertexProgramGetInputMask
                0x0000000000018bb8       0x14 /opt/ps3dev/psl1ght/ppu/lib/libtiny3d.a(realityVP.o)
                0x0000000000018bb8                .internal_reality_VertexProgramGetInputMask
 *fill*         0x0000000000018bcc        0x4 60000000
 .text.internal_reality_VertexProgramGetOutputMask
                0x0000000000018bd0       0x14 /opt/ps3dev/psl1ght/ppu/lib/libtiny3d.a(realityVP.o)
                0x0000000000018bd0                .internal_reality_VertexProgramGetOutputMask
 *fill*         0x0000000000018be4        0x4 60000000
 .text.internal_reality_VertexProgramGetAttributes
                0x0000000000018be8       0x18 /opt/ps3dev/psl1ght/ppu/lib/libtiny3d.a(realityVP.o)
                0x0000000000018be8                .internal_reality_VertexProgramGetAttributes
 .text.internal_reality_VertexProgramGetInputAttribute
                0x0000000000018c00       0xe8 /opt/ps3dev/psl1ght/ppu/lib/libtiny3d.a(realityVP.o)
                0x0000000000018c00                .internal_reality_VertexProgramGetInputAttribute
 .text.internal_reality_VertexProgramGetConstants
                0x0000000000018ce8       0x18 /opt/ps3dev/psl1ght/ppu/lib/libtiny3d.a(realityVP.o)
                0x0000000000018ce8                .internal_reality_VertexProgramGetConstants
 .text.internal_reality_VertexProgramGetConstant
                0x0000000000018d00       0xe8 /opt/ps3dev/psl1ght/ppu/lib/libtiny3d.a(realityVP.o)
                0x0000000000018d00                .internal_reality_VertexProgramGetConstant
 .text          0x0000000000018de8        0x0 /opt/ps3dev/psl1ght/ppu/lib/libtiny3d.a(rsxutil.o)
 .text.waitFlip
                0x0000000000018de8       0x50 /opt/ps3dev/psl1ght/ppu/lib/libtiny3d.a(rsxutil.o)
                0x0000000000018de8                .waitFlip
 .text.flip     0x0000000000018e38       0x7c /opt/ps3dev/psl1ght/ppu/lib/libtiny3d.a(rsxutil.o)
                0x0000000000018e38                .flip
 *fill*         0x0000000000018eb4        0x4 60000000
 .text.init_screen
                0x0000000000018eb8      0x46c /opt/ps3dev/psl1ght/ppu/lib/libtiny3d.a(rsxutil.o)
                0x0000000000018eb8                .init_screen
 *fill*         0x0000000000019324        0x4 60000000
 .text.setupRenderTarget
                0x0000000000019328       0xb4 /opt/ps3dev/psl1ght/ppu/lib/libtiny3d.a(rsxutil.o)
                0x0000000000019328                .setupRenderTarget
 *fill*         0x00000000000193dc        0x4 60000000
 .text.setupRenderTarget2
                0x00000000000193e0       0xe8 /opt/ps3dev/psl1ght/ppu/lib/libtiny3d.a(rsxutil.o)
                0x00000000000193e0                .setupRenderTarget2
 .text          0x00000000000194c8        0x0 /opt/ps3dev/psl1ght/ppu/lib/libsysmodule.a(sprx.o)
 .text          0x00000000000194c8        0x0 /opt/ps3dev/psl1ght/ppu/lib/libgcm_sys.a(sprx.o)
 .text          0x00000000000194c8        0x0 /opt/ps3dev/psl1ght/ppu/lib/librsx.a(init.o)
 .text.rsxInit  0x00000000000194c8       0x70 /opt/ps3dev/psl1ght/ppu/lib/librsx.a(init.o)
                0x00000000000194c8                .rsxInit
 .text.rsxSetupContextData
                0x0000000000019538       0x38 /opt/ps3dev/psl1ght/ppu/lib/librsx.a(init.o)
                0x0000000000019538                .rsxSetupContextData
 .text          0x0000000000019570        0x0 /opt/ps3dev/psl1ght/ppu/lib/librsx.a(buffer.o)
 .text.rsxResetCommandBuffer
                0x0000000000019570       0x80 /opt/ps3dev/psl1ght/ppu/lib/librsx.a(buffer.o)
                0x0000000000019570                .rsxResetCommandBuffer
 .text.rsxFlushBuffer
                0x00000000000195f0       0x78 /opt/ps3dev/psl1ght/ppu/lib/librsx.a(buffer.o)
                0x00000000000195f0                .rsxFlushBuffer
 .text.rsxFinish
                0x0000000000019668       0x84 /opt/ps3dev/psl1ght/ppu/lib/librsx.a(buffer.o)
                0x0000000000019668                .rsxFinish
 .text          0x00000000000196ec        0x0 /opt/ps3dev/psl1ght/ppu/lib/librsx.a(commands.o)
 *fill*         0x00000000000196ec        0x4 60000000
 .text.rsxContextCallback
                0x00000000000196f0       0x50 /opt/ps3dev/psl1ght/ppu/lib/librsx.a(commands.o)
                0x00000000000196f0                .rsxContextCallback
 .text.rsxSetReturnCommand
                0x0000000000019740       0x7c /opt/ps3dev/psl1ght/ppu/lib/librsx.a(commands.o)
                0x0000000000019740                .rsxSetReturnCommand
 *fill*         0x00000000000197bc        0x4 60000000
 .text.rsxSetCallCommand
                0x00000000000197c0       0x84 /opt/ps3dev/psl1ght/ppu/lib/librsx.a(commands.o)
                0x00000000000197c0                .rsxSetCallCommand
 *fill*         0x0000000000019844        0x4 60000000
 .text.rsxSetJumpCommand
                0x0000000000019848       0x84 /opt/ps3dev/psl1ght/ppu/lib/librsx.a(commands.o)
                0x0000000000019848                .rsxSetJumpCommand
 *fill*         0x00000000000198cc        0x4 60000000
 .text.rsxSetNopCommand
                0x00000000000198d0       0xb8 /opt/ps3dev/psl1ght/ppu/lib/librsx.a(commands.o)
                0x00000000000198d0                .rsxSetNopCommand
 .text.rsxSetClearColor
                0x0000000000019988       0x8c /opt/ps3dev/psl1ght/ppu/lib/librsx.a(commands.o)
                0x0000000000019988                .rsxSetClearColor
 *fill*         0x0000000000019a14        0x4 60000000
 .text.rsxSetClearDepthValue
                0x0000000000019a18       0x8c /opt/ps3dev/psl1ght/ppu/lib/librsx.a(commands.o)
                0x0000000000019a18                .rsxSetClearDepthValue
 *fill*         0x0000000000019aa4        0x4 60000000
 .text.rsxSetReferenceCommand
                0x0000000000019aa8       0x8c /opt/ps3dev/psl1ght/ppu/lib/librsx.a(commands.o)
                0x0000000000019aa8                .rsxSetReferenceCommand
 *fill*         0x0000000000019b34        0x4 60000000
 .text.rsxSetWriteBackendLabel
                0x0000000000019b38       0xc4 /opt/ps3dev/psl1ght/ppu/lib/librsx.a(commands.o)
                0x0000000000019b38                .rsxSetWriteBackendLabel
 *fill*         0x0000000000019bfc        0x4 60000000
 .text.rsxSetWaitLabel
                0x0000000000019c00       0xa4 /opt/ps3dev/psl1ght/ppu/lib/librsx.a(commands.o)
                0x0000000000019c00                .rsxSetWaitLabel
 *fill*         0x0000000000019ca4        0x4 60000000
 .text.rsxSetWriteCommandLabel
                0x0000000000019ca8       0xa4 /opt/ps3dev/psl1ght/ppu/lib/librsx.a(commands.o)
                0x0000000000019ca8                .rsxSetWriteCommandLabel
 *fill*         0x0000000000019d4c        0x4 60000000
 .text.rsxSetSurface
                0x0000000000019d50      0x21c /opt/ps3dev/psl1ght/ppu/lib/librsx.a(commands.o)
                0x0000000000019d50                .rsxSetSurface
 *fill*         0x0000000000019f6c        0x4 60000000
 .text.rsxSetColorMask
                0x0000000000019f70       0x8c /opt/ps3dev/psl1ght/ppu/lib/librsx.a(commands.o)
                0x0000000000019f70                .rsxSetColorMask
 *fill*         0x0000000000019ffc        0x4 60000000
 .text.rsxSetColorMaskMRT
                0x000000000001a000       0x8c /opt/ps3dev/psl1ght/ppu/lib/librsx.a(commands.o)
                0x000000000001a000                .rsxSetColorMaskMRT
 *fill*         0x000000000001a08c        0x4 60000000
 .text.rsxSetShadeModel
                0x000000000001a090       0x8c /opt/ps3dev/psl1ght/ppu/lib/librsx.a(commands.o)
                0x000000000001a090                .rsxSetShadeModel
 *fill*         0x000000000001a11c        0x4 60000000
 .text.rsxSetViewport
                0x000000000001a120      0x1ac /opt/ps3dev/psl1ght/ppu/lib/librsx.a(commands.o)
                0x000000000001a120                .rsxSetViewport
 *fill*         0x000000000001a2cc        0x4 60000000
 .text.rsxSetViewportClip
                0x000000000001a2d0       0xb4 /opt/ps3dev/psl1ght/ppu/lib/librsx.a(commands.o)
                0x000000000001a2d0                .rsxSetViewportClip
 *fill*         0x000000000001a384        0x4 60000000
 .text.rsxSetUserClipPlaneControl
                0x000000000001a388       0xdc /opt/ps3dev/psl1ght/ppu/lib/librsx.a(commands.o)
                0x000000000001a388                .rsxSetUserClipPlaneControl
 *fill*         0x000000000001a464        0x4 60000000
 .text.rsxSetDepthTestEnable
                0x000000000001a468       0x8c /opt/ps3dev/psl1ght/ppu/lib/librsx.a(commands.o)
                0x000000000001a468                .rsxSetDepthTestEnable
 *fill*         0x000000000001a4f4        0x4 60000000
 .text.rsxSetDepthFunc
                0x000000000001a4f8       0x8c /opt/ps3dev/psl1ght/ppu/lib/librsx.a(commands.o)
                0x000000000001a4f8                .rsxSetDepthFunc
 *fill*         0x000000000001a584        0x4 60000000
 .text.rsxSetDepthWriteEnable
                0x000000000001a588       0x8c /opt/ps3dev/psl1ght/ppu/lib/librsx.a(commands.o)
                0x000000000001a588                .rsxSetDepthWriteEnable
 *fill*         0x000000000001a614        0x4 60000000
 .text.rsxSetCullFaceEnable
                0x000000000001a618       0x8c /opt/ps3dev/psl1ght/ppu/lib/librsx.a(commands.o)
                0x000000000001a618                .rsxSetCullFaceEnable
 *fill*         0x000000000001a6a4        0x4 60000000
 .text.rsxSetCullFace
                0x000000000001a6a8       0x8c /opt/ps3dev/psl1ght/ppu/lib/librsx.a(commands.o)
                0x000000000001a6a8                .rsxSetCullFace
 *fill*         0x000000000001a734        0x4 60000000
 .text.rsxSetFrontFace
                0x000000000001a738       0x8c /opt/ps3dev/psl1ght/ppu/lib/librsx.a(commands.o)
                0x000000000001a738                .rsxSetFrontFace
 *fill*         0x000000000001a7c4        0x4 60000000
 .text.rsxClearSurface
                0x000000000001a7c8       0xa4 /opt/ps3dev/psl1ght/ppu/lib/librsx.a(commands.o)
                0x000000000001a7c8                .rsxClearSurface
 *fill*         0x000000000001a86c        0x4 60000000
 .text.rsxLoadVertexProgramBlock
                0x000000000001a870      0x2fc /opt/ps3dev/psl1ght/ppu/lib/librsx.a(commands.o)
                0x000000000001a870                .rsxLoadVertexProgramBlock
 *fill*         0x000000000001ab6c        0x4 60000000
 .text.rsxLoadFragmentProgramLocation
                0x000000000001ab70      0x1c8 /opt/ps3dev/psl1ght/ppu/lib/librsx.a(commands.o)
                0x000000000001ab70                .rsxLoadFragmentProgramLocation
 .text.rsxLoadVertexProgramParameterBlock
                0x000000000001ad38      0x140 /opt/ps3dev/psl1ght/ppu/lib/librsx.a(commands.o)
                0x000000000001ad38                .rsxLoadVertexProgramParameterBlock
 .text.rsxLoadVertexProgram
                0x000000000001ae78       0xfc /opt/ps3dev/psl1ght/ppu/lib/librsx.a(commands.o)
                0x000000000001ae78                .rsxLoadVertexProgram
 *fill*         0x000000000001af74        0x4 60000000
 .text.rsxSetVertexProgramParameter
                0x000000000001af78       0x84 /opt/ps3dev/psl1ght/ppu/lib/librsx.a(commands.o)
                0x000000000001af78                .rsxSetVertexProgramParameter
 *fill*         0x000000000001affc        0x4 60000000
 .text.rsxDrawVertexBegin
                0x000000000001b000       0x8c /opt/ps3dev/psl1ght/ppu/lib/librsx.a(commands.o)
                0x000000000001b000                .rsxDrawVertexBegin
 *fill*         0x000000000001b08c        0x4 60000000
 .text.rsxDrawVertexEnd
                0x000000000001b090       0x84 /opt/ps3dev/psl1ght/ppu/lib/librsx.a(commands.o)
                0x000000000001b090                .rsxDrawVertexEnd
 *fill*         0x000000000001b114        0x4 60000000
 .text.rsxDrawVertex2f
                0x000000000001b118       0xbc /opt/ps3dev/psl1ght/ppu/lib/librsx.a(commands.o)
                0x000000000001b118                .rsxDrawVertex2f
 *fill*         0x000000000001b1d4        0x4 60000000
 .text.rsxDrawVertex3f
                0x000000000001b1d8       0xd4 /opt/ps3dev/psl1ght/ppu/lib/librsx.a(commands.o)
                0x000000000001b1d8                .rsxDrawVertex3f
 *fill*         0x000000000001b2ac        0x4 60000000
 .text.rsxDrawVertex4f
                0x000000000001b2b0       0xec /opt/ps3dev/psl1ght/ppu/lib/librsx.a(commands.o)
                0x000000000001b2b0                .rsxDrawVertex4f
 *fill*         0x000000000001b39c        0x4 60000000
 .text.rsxInvalidateTextureCache
                0x000000000001b3a0       0x8c /opt/ps3dev/psl1ght/ppu/lib/librsx.a(commands.o)
                0x000000000001b3a0                .rsxInvalidateTextureCache
 *fill*         0x000000000001b42c        0x4 60000000
 .text.rsxLoadTexture
                0x000000000001b430      0x14c /opt/ps3dev/psl1ght/ppu/lib/librsx.a(commands.o)
                0x000000000001b430                .rsxLoadTexture
 *fill*         0x000000000001b57c        0x4 60000000
 .text.rsxTextureControl
                0x000000000001b580       0xcc /opt/ps3dev/psl1ght/ppu/lib/librsx.a(commands.o)
                0x000000000001b580                .rsxTextureControl
 *fill*         0x000000000001b64c        0x4 60000000
 .text.rsxTextureFilter
                0x000000000001b650       0xbc /opt/ps3dev/psl1ght/ppu/lib/librsx.a(commands.o)
                0x000000000001b650                .rsxTextureFilter
 *fill*         0x000000000001b70c        0x4 60000000
 .text.rsxTextureWrapMode
                0x000000000001b710       0xec /opt/ps3dev/psl1ght/ppu/lib/librsx.a(commands.o)
                0x000000000001b710                .rsxTextureWrapMode
 *fill*         0x000000000001b7fc        0x4 60000000
 .text.rsxZControl
                0x000000000001b800       0xac /opt/ps3dev/psl1ght/ppu/lib/librsx.a(commands.o)
                0x000000000001b800                .rsxZControl
 *fill*         0x000000000001b8ac        0x4 60000000
 .text.rsxBindVertexArrayAttrib
                0x000000000001b8b0       0xec /opt/ps3dev/psl1ght/ppu/lib/librsx.a(commands.o)
                0x000000000001b8b0                .rsxBindVertexArrayAttrib
 *fill*         0x000000000001b99c        0x4 60000000
 .text.rsxDrawVertexArray
                0x000000000001b9a0      0x1f8 /opt/ps3dev/psl1ght/ppu/lib/librsx.a(commands.o)
                0x000000000001b9a0                .rsxDrawVertexArray
 .text.rsxDrawIndexArray
                0x000000000001bb98      0x220 /opt/ps3dev/psl1ght/ppu/lib/librsx.a(commands.o)
                0x000000000001bb98                .rsxDrawIndexArray
 .text.rsxSetScissor
                0x000000000001bdb8       0xbc /opt/ps3dev/psl1ght/ppu/lib/librsx.a(commands.o)
                0x000000000001bdb8                .rsxSetScissor
 *fill*         0x000000000001be74        0x4 60000000
 .text.rsxInlineTransfer
                0x000000000001be78      0x19c /opt/ps3dev/psl1ght/ppu/lib/librsx.a(commands.o)
                0x000000000001be78                .rsxInlineTransfer
 *fill*         0x000000000001c014        0x4 60000000
 .text.rsxSetFragmentProgramParameter
                0x000000000001c018      0x298 /opt/ps3dev/psl1ght/ppu/lib/librsx.a(commands.o)
                0x000000000001c018                .rsxSetFragmentProgramParameter
 .text.rsxSetBlendFunc
                0x000000000001c2b0       0xbc /opt/ps3dev/psl1ght/ppu/lib/librsx.a(commands.o)
                0x000000000001c2b0                .rsxSetBlendFunc
 *fill*         0x000000000001c36c        0x4 60000000
 .text.rsxSetBlendEquation
                0x000000000001c370       0x9c /opt/ps3dev/psl1ght/ppu/lib/librsx.a(commands.o)
                0x000000000001c370                .rsxSetBlendEquation
 *fill*         0x000000000001c40c        0x4 60000000
 .text.rsxSetBlendColor
                0x000000000001c410       0xa4 /opt/ps3dev/psl1ght/ppu/lib/librsx.a(commands.o)
                0x000000000001c410                .rsxSetBlendColor
 *fill*         0x000000000001c4b4        0x4 60000000
 .text.rsxSetBlendEnable
                0x000000000001c4b8       0x8c /opt/ps3dev/psl1ght/ppu/lib/librsx.a(commands.o)
                0x000000000001c4b8                .rsxSetBlendEnable
 *fill*         0x000000000001c544        0x4 60000000
 .text.rsxSetTransformBranchBits
                0x000000000001c548       0x8c /opt/ps3dev/psl1ght/ppu/lib/librsx.a(commands.o)
                0x000000000001c548                .rsxSetTransformBranchBits
 *fill*         0x000000000001c5d4        0x4 60000000
 .text.rsxSetTransferData
                0x000000000001c5d8      0x12c /opt/ps3dev/psl1ght/ppu/lib/librsx.a(commands.o)
                0x000000000001c5d8                .rsxSetTransferData
 *fill*         0x000000000001c704        0x4 60000000
 .text.rsxSetTransferDataMode
                0x000000000001c708       0xc4 /opt/ps3dev/psl1ght/ppu/lib/librsx.a(commands.o)
                0x000000000001c708                .rsxSetTransferDataMode
 *fill*         0x000000000001c7cc        0x4 60000000
 .text.rsxSetTransferDataOffset
                0x000000000001c7d0       0xac /opt/ps3dev/psl1ght/ppu/lib/librsx.a(commands.o)
                0x000000000001c7d0                .rsxSetTransferDataOffset
 *fill*         0x000000000001c87c        0x4 60000000
 .text.rsxSetTransferDataFormat
                0x000000000001c880       0xcc /opt/ps3dev/psl1ght/ppu/lib/librsx.a(commands.o)
                0x000000000001c880                .rsxSetTransferDataFormat
 *fill*         0x000000000001c94c        0x4 60000000
 .text.rsxSetTransferImage
                0x000000000001c950      0x28c /opt/ps3dev/psl1ght/ppu/lib/librsx.a(commands.o)
                0x000000000001c950                .rsxSetTransferImage
 *fill*         0x000000000001cbdc        0x4 60000000
 .text.rsxSetTransferScaleMode
                0x000000000001cbe0      0x18c /opt/ps3dev/psl1ght/ppu/lib/librsx.a(commands.o)
                0x000000000001cbe0                .rsxSetTransferScaleMode
 *fill*         0x000000000001cd6c        0x4 60000000
 .text.rsxSetTransferScaleSurface
                0x000000000001cd70      0x1a4 /opt/ps3dev/psl1ght/ppu/lib/librsx.a(commands.o)
                0x000000000001cd70                .rsxSetTransferScaleSurface
 *fill*         0x000000000001cf14        0x4 60000000
 .text.rsxSetTimeStamp
                0x000000000001cf18       0x94 /opt/ps3dev/psl1ght/ppu/lib/librsx.a(commands.o)
                0x000000000001cf18                .rsxSetTimeStamp
 .text          0x000000000001cfac        0x0 /opt/ps3dev/psl1ght/ppu/lib/librsx.a(mm.o)
 *fill*         0x000000000001cfac        0x4 60000000
 .text.rsxHeapInit
                0x000000000001cfb0       0x78 /opt/ps3dev/psl1ght/ppu/lib/librsx.a(mm.o)
                0x000000000001cfb0                .rsxHeapInit
 .text.rsxMemalign
                0x000000000001d028       0x54 /opt/ps3dev/psl1ght/ppu/lib/librsx.a(mm.o)
                0x000000000001d028                .rsxMemalign
 *fill*         0x000000000001d07c        0x4 60000000
 .text.rsxMalloc
                0x000000000001d080       0x54 /opt/ps3dev/psl1ght/ppu/lib/librsx.a(mm.o)
                0x000000000001d080                .rsxMalloc
 *fill*         0x000000000001d0d4        0x4 60000000
 .text.rsxFree  0x000000000001d0d8       0x48 /opt/ps3dev/psl1ght/ppu/lib/librsx.a(mm.o)
                0x000000000001d0d8                .rsxFree
 .text          0x000000000001d120        0x0 /opt/ps3dev/psl1ght/ppu/lib/librsx.a(vertex_program.o)
 .text.rsxVertexProgramGetUCode
                0x000000000001d120       0x18 /opt/ps3dev/psl1ght/ppu/lib/librsx.a(vertex_program.o)
                0x000000000001d120                .rsxVertexProgramGetUCode
 .text.rsxVertexProgramGetConsts
                0x000000000001d138       0x18 /opt/ps3dev/psl1ght/ppu/lib/librsx.a(vertex_program.o)
                0x000000000001d138                .rsxVertexProgramGetConsts
 .text.rsxVertexProgramGetConst
                0x000000000001d150       0xd4 /opt/ps3dev/psl1ght/ppu/lib/librsx.a(vertex_program.o)
                0x000000000001d150                .rsxVertexProgramGetConst
 *fill*         0x000000000001d224        0x4 60000000
 .text.rsxVertexProgramGetAttribs
                0x000000000001d228       0x18 /opt/ps3dev/psl1ght/ppu/lib/librsx.a(vertex_program.o)
                0x000000000001d228                .rsxVertexProgramGetAttribs
 .text.rsxVertexProgramGetAttrib
                0x000000000001d240       0xf0 /opt/ps3dev/psl1ght/ppu/lib/librsx.a(vertex_program.o)
                0x000000000001d240                .rsxVertexProgramGetAttrib
 .text          0x000000000001d330        0x0 /opt/ps3dev/psl1ght/ppu/lib/librsx.a(fragment_program.o)
 .text.rsxFragmentProgramGetUCode
                0x000000000001d330       0x24 /opt/ps3dev/psl1ght/ppu/lib/librsx.a(fragment_program.o)
                0x000000000001d330                .rsxFragmentProgramGetUCode
 *fill*         0x000000000001d354        0x4 60000000
 .text.rsxFragmentProgramGetConsts
                0x000000000001d358       0x18 /opt/ps3dev/psl1ght/ppu/lib/librsx.a(fragment_program.o)
                0x000000000001d358                .rsxFragmentProgramGetConsts
 .text.rsxFragmentProgramGetConst
                0x000000000001d370       0xd4 /opt/ps3dev/psl1ght/ppu/lib/librsx.a(fragment_program.o)
                0x000000000001d370                .rsxFragmentProgramGetConst
 *fill*         0x000000000001d444        0x4 60000000
 .text.rsxFragmentProgramGetAttribs
                0x000000000001d448       0x18 /opt/ps3dev/psl1ght/ppu/lib/librsx.a(fragment_program.o)
                0x000000000001d448                .rsxFragmentProgramGetAttribs
 .text.rsxFragmentProgramGetAttrib
                0x000000000001d460       0xf0 /opt/ps3dev/psl1ght/ppu/lib/librsx.a(fragment_program.o)
                0x000000000001d460                .rsxFragmentProgramGetAttrib
 .text.rsxFragmentProgramGetConstOffsetTable
                0x000000000001d550       0x14 /opt/ps3dev/psl1ght/ppu/lib/librsx.a(fragment_program.o)
                0x000000000001d550                .rsxFragmentProgramGetConstOffsetTable
 .text          0x000000000001d564        0x0 /opt/ps3dev/psl1ght/ppu/lib/libsysutil.a(sprx.o)
 .text          0x000000000001d564        0x0 /opt/ps3dev/psl1ght/ppu/lib/libsysutil.a(sysutil_wrapper.o)
 *fill*         0x000000000001d564        0x4 60000000
 .text.sysUtilRegisterCallback
                0x000000000001d568       0x34 /opt/ps3dev/psl1ght/ppu/lib/libsysutil.a(sysutil_wrapper.o)
                0x000000000001d568                .sysUtilRegisterCallback
 *fill*         0x000000000001d59c        0x4 60000000
 .text.msgDialogOpen
                0x000000000001d5a0       0x34 /opt/ps3dev/psl1ght/ppu/lib/libsysutil.a(sysutil_wrapper.o)
                0x000000000001d5a0                .msgDialogOpen
 *fill*         0x000000000001d5d4        0x4 60000000
 .text.msgDialogOpen2
                0x000000000001d5d8       0x34 /opt/ps3dev/psl1ght/ppu/lib/libsysutil.a(sysutil_wrapper.o)
                0x000000000001d5d8                .msgDialogOpen2
 *fill*         0x000000000001d60c        0x4 60000000
 .text.msgDialogOpenErrorCode
                0x000000000001d610       0x34 /opt/ps3dev/psl1ght/ppu/lib/libsysutil.a(sysutil_wrapper.o)
                0x000000000001d610                .msgDialogOpenErrorCode
 *fill*         0x000000000001d644        0x4 60000000
 .text.sysSaveListLoad2
                0x000000000001d648       0x3c /opt/ps3dev/psl1ght/ppu/lib/libsysutil.a(sysutil_wrapper.o)
                0x000000000001d648                .sysSaveListLoad2
 *fill*         0x000000000001d684        0x4 60000000
 .text.sysSaveListSave2
                0x000000000001d688       0x3c /opt/ps3dev/psl1ght/ppu/lib/libsysutil.a(sysutil_wrapper.o)
                0x000000000001d688                .sysSaveListSave2
 *fill*         0x000000000001d6c4        0x4 60000000
 .text.sysSaveListAutoLoad
                0x000000000001d6c8       0x44 /opt/ps3dev/psl1ght/ppu/lib/libsysutil.a(sysutil_wrapper.o)
                0x000000000001d6c8                .sysSaveListAutoLoad
 *fill*         0x000000000001d70c        0x4 60000000
 .text.sysSaveListAutoSave
                0x000000000001d710       0x44 /opt/ps3dev/psl1ght/ppu/lib/libsysutil.a(sysutil_wrapper.o)
                0x000000000001d710                .sysSaveListAutoSave
 *fill*         0x000000000001d754        0x4 60000000
 .text.sysSaveFixedLoad2
                0x000000000001d758       0x3c /opt/ps3dev/psl1ght/ppu/lib/libsysutil.a(sysutil_wrapper.o)
                0x000000000001d758                .sysSaveFixedLoad2
 *fill*         0x000000000001d794        0x4 60000000
 .text.sysSaveFixedSave2
                0x000000000001d798       0x3c /opt/ps3dev/psl1ght/ppu/lib/libsysutil.a(sysutil_wrapper.o)
                0x000000000001d798                .sysSaveFixedSave2
 *fill*         0x000000000001d7d4        0x4 60000000
 .text.sysSaveAutoLoad2
                0x000000000001d7d8       0x38 /opt/ps3dev/psl1ght/ppu/lib/libsysutil.a(sysutil_wrapper.o)
                0x000000000001d7d8                .sysSaveAutoLoad2
 .text.sysSaveAutoSave2
                0x000000000001d810       0x38 /opt/ps3dev/psl1ght/ppu/lib/libsysutil.a(sysutil_wrapper.o)
                0x000000000001d810                .sysSaveAutoSave2
 .text.sysGameThemeInstallFromBuffer
                0x000000000001d848       0x34 /opt/ps3dev/psl1ght/ppu/lib/libsysutil.a(sysutil_wrapper.o)
                0x000000000001d848                .sysGameThemeInstallFromBuffer
 *fill*         0x000000000001d87c        0x4 60000000
 .text.sysGameDiscRegisterDiscChangeCallback
                0x000000000001d880       0x38 /opt/ps3dev/psl1ght/ppu/lib/libsysutil.a(sysutil_wrapper.o)
                0x000000000001d880                .sysGameDiscRegisterDiscChangeCallback
 .text.sysDiscRegisterDiscChangeCallback
                0x000000000001d8b8       0x38 /opt/ps3dev/psl1ght/ppu/lib/libsysutil.a(sysutil_wrapper.o)
                0x000000000001d8b8                .sysDiscRegisterDiscChangeCallback
 .text          0x000000000001d8f0        0x0 /opt/ps3dev/psl1ght/ppu/lib/libio.a(sprx.o)
 .text          0x000000000001d8f0        0x0 /opt/ps3dev/psl1ght/ppu/lib/libpngdec.a(pngdec.o)
 .text.png_malloc
                0x000000000001d8f0       0x30 /opt/ps3dev/psl1ght/ppu/lib/libpngdec.a(pngdec.o)
 .text.png_free
                0x000000000001d920       0x30 /opt/ps3dev/psl1ght/ppu/lib/libpngdec.a(pngdec.o)
 .text.decodePNG
                0x000000000001d950      0x298 /opt/ps3dev/psl1ght/ppu/lib/libpngdec.a(pngdec.o)
 .text.pngLoadFromFile
                0x000000000001dbe8       0x60 /opt/ps3dev/psl1ght/ppu/lib/libpngdec.a(pngdec.o)
                0x000000000001dbe8                .pngLoadFromFile
 .text.pngLoadFromBuffer
                0x000000000001dc48       0x70 /opt/ps3dev/psl1ght/ppu/lib/libpngdec.a(pngdec.o)
                0x000000000001dc48                .pngLoadFromBuffer
 .text          0x000000000001dcb8        0x0 /opt/ps3dev/psl1ght/ppu/lib/libpngdec.a(sprx.o)
 .text          0x000000000001dcb8        0x0 /opt/ps3dev/ppu/lib/gcc/powerpc64-ps3-elf/4.7.0/../../../../powerpc64-ps3-elf/lib/libm.a(lib_a-sf_cos.o)
 .text.cosf     0x000000000001dcb8      0x10c /opt/ps3dev/ppu/lib/gcc/powerpc64-ps3-elf/4.7.0/../../../../powerpc64-ps3-elf/lib/libm.a(lib_a-sf_cos.o)
                0x000000000001dcb8                .cosf
 .text          0x000000000001ddc4        0x0 /opt/ps3dev/ppu/lib/gcc/powerpc64-ps3-elf/4.7.0/../../../../powerpc64-ps3-elf/lib/libm.a(lib_a-sf_sin.o)
 *fill*         0x000000000001ddc4        0x4 60000000
 .text.sinf     0x000000000001ddc8      0x114 /opt/ps3dev/ppu/lib/gcc/powerpc64-ps3-elf/4.7.0/../../../../powerpc64-ps3-elf/lib/libm.a(lib_a-sf_sin.o)
                0x000000000001ddc8                .sinf
 .text          0x000000000001dedc        0x0 /opt/ps3dev/ppu/lib/gcc/powerpc64-ps3-elf/4.7.0/../../../../powerpc64-ps3-elf/lib/libm.a(lib_a-sf_tan.o)
 *fill*         0x000000000001dedc        0x4 60000000
 .text.tanf     0x000000000001dee0       0xb8 /opt/ps3dev/ppu/lib/gcc/powerpc64-ps3-elf/4.7.0/../../../../powerpc64-ps3-elf/lib/libm.a(lib_a-sf_tan.o)
                0x000000000001dee0                .tanf
 .text          0x000000000001df98        0x0 /opt/ps3dev/ppu/lib/gcc/powerpc64-ps3-elf/4.7.0/../../../../powerpc64-ps3-elf/lib/libm.a(lib_a-wf_sqrt.o)
 .text.sqrtf    0x000000000001df98      0x150 /opt/ps3dev/ppu/lib/gcc/powerpc64-ps3-elf/4.7.0/../../../../powerpc64-ps3-elf/lib/libm.a(lib_a-wf_sqrt.o)
                0x000000000001df98                .sqrtf
 .text          0x000000000001e0e8        0x0 /opt/ps3dev/ppu/lib/gcc/powerpc64-ps3-elf/4.7.0/../../../../powerpc64-ps3-elf/lib/libm.a(lib_a-ef_rem_pio2.o)
 .text.__ieee754_rem_pio2f
                0x000000000001e0e8      0x498 /opt/ps3dev/ppu/lib/gcc/powerpc64-ps3-elf/4.7.0/../../../../powerpc64-ps3-elf/lib/libm.a(lib_a-ef_rem_pio2.o)
                0x000000000001e0e8                .__ieee754_rem_pio2f
 .text          0x000000000001e580        0x0 /opt/ps3dev/ppu/lib/gcc/powerpc64-ps3-elf/4.7.0/../../../../powerpc64-ps3-elf/lib/libm.a(lib_a-ef_sqrt.o)
 .text.__ieee754_sqrtf
                0x000000000001e580      0x178 /opt/ps3dev/ppu/lib/gcc/powerpc64-ps3-elf/4.7.0/../../../../powerpc64-ps3-elf/lib/libm.a(lib_a-ef_sqrt.o)
                0x000000000001e580                .__ieee754_sqrtf
 .text          0x000000000001e6f8        0x0 /opt/ps3dev/ppu/lib/gcc/powerpc64-ps3-elf/4.7.0/../../../../powerpc64-ps3-elf/lib/libm.a(lib_a-kf_cos.o)
 .text.__kernel_cosf
                0x000000000001e6f8      0x1b8 /opt/ps3dev/ppu/lib/gcc/powerpc64-ps3-elf/4.7.0/../../../../powerpc64-ps3-elf/lib/libm.a(lib_a-kf_cos.o)
                0x000000000001e6f8                .__kernel_cosf
 .text          0x000000000001e8b0        0x0 /opt/ps3dev/ppu/lib/gcc/powerpc64-ps3-elf/4.7.0/../../../../powerpc64-ps3-elf/lib/libm.a(lib_a-kf_rem_pio2.o)
 .text.__kernel_rem_pio2f
                0x000000000001e8b0      0xc44 /opt/ps3dev/ppu/lib/gcc/powerpc64-ps3-elf/4.7.0/../../../../powerpc64-ps3-elf/lib/libm.a(lib_a-kf_rem_pio2.o)
                0x000000000001e8b0                .__kernel_rem_pio2f
 .text          0x000000000001f4f4        0x0 /opt/ps3dev/ppu/lib/gcc/powerpc64-ps3-elf/4.7.0/../../../../powerpc64-ps3-elf/lib/libm.a(lib_a-kf_sin.o)
 *fill*         0x000000000001f4f4        0x4 60000000
 .text.__kernel_sinf
                0x000000000001f4f8       0xe0 /opt/ps3dev/ppu/lib/gcc/powerpc64-ps3-elf/4.7.0/../../../../powerpc64-ps3-elf/lib/libm.a(lib_a-kf_sin.o)
                0x000000000001f4f8                .__kernel_sinf
 .text          0x000000000001f5d8        0x0 /opt/ps3dev/ppu/lib/gcc/powerpc64-ps3-elf/4.7.0/../../../../powerpc64-ps3-elf/lib/libm.a(lib_a-kf_tan.o)
 .text.__kernel_tanf
                0x000000000001f5d8      0x340 /opt/ps3dev/ppu/lib/gcc/powerpc64-ps3-elf/4.7.0/../../../../powerpc64-ps3-elf/lib/libm.a(lib_a-kf_tan.o)
                0x000000000001f5d8                .__kernel_tanf
 .text          0x000000000001f918        0x0 /opt/ps3dev/ppu/lib/gcc/powerpc64-ps3-elf/4.7.0/../../../../powerpc64-ps3-elf/lib/libm.a(lib_a-sf_fabs.o)
 .text.fabsf    0x000000000001f918       0x24 /opt/ps3dev/ppu/lib/gcc/powerpc64-ps3-elf/4.7.0/../../../../powerpc64-ps3-elf/lib/libm.a(lib_a-sf_fabs.o)
                0x000000000001f918                .fabsf
 .text          0x000000000001f93c        0x0 /opt/ps3dev/ppu/lib/gcc/powerpc64-ps3-elf/4.7.0/../../../../powerpc64-ps3-elf/lib/libm.a(lib_a-sf_floor.o)
 *fill*         0x000000000001f93c        0x4 60000000
 .text.floorf   0x000000000001f940      0x11c /opt/ps3dev/ppu/lib/gcc/powerpc64-ps3-elf/4.7.0/../../../../powerpc64-ps3-elf/lib/libm.a(lib_a-sf_floor.o)
                0x000000000001f940                .floorf
 .text          0x000000000001fa5c        0x0 /opt/ps3dev/ppu/lib/gcc/powerpc64-ps3-elf/4.7.0/../../../../powerpc64-ps3-elf/lib/libm.a(lib_a-sf_fpclassify.o)
 *fill*         0x000000000001fa5c        0x4 60000000
 .text.__fpclassifyf
                0x000000000001fa60       0xa8 /opt/ps3dev/ppu/lib/gcc/powerpc64-ps3-elf/4.7.0/../../../../powerpc64-ps3-elf/lib/libm.a(lib_a-sf_fpclassify.o)
                0x000000000001fa60                .__fpclassifyf
 .text          0x000000000001fb08        0x0 /opt/ps3dev/ppu/lib/gcc/powerpc64-ps3-elf/4.7.0/../../../../powerpc64-ps3-elf/lib/libm.a(lib_a-sf_scalbn.o)
 .text.scalbnf  0x000000000001fb08      0x1a4 /opt/ps3dev/ppu/lib/gcc/powerpc64-ps3-elf/4.7.0/../../../../powerpc64-ps3-elf/lib/libm.a(lib_a-sf_scalbn.o)
                0x000000000001fb08                .scalbnf
 .text          0x000000000001fcac        0x0 /opt/ps3dev/ppu/lib/gcc/powerpc64-ps3-elf/4.7.0/../../../../powerpc64-ps3-elf/lib/libm.a(lib_a-s_lib_ver.o)
 .text          0x000000000001fcac        0x0 /opt/ps3dev/ppu/lib/gcc/powerpc64-ps3-elf/4.7.0/../../../../powerpc64-ps3-elf/lib/libm.a(lib_a-s_matherr.o)
 *fill*         0x000000000001fcac        0x4 60000000
 .text.matherr  0x000000000001fcb0       0x14 /opt/ps3dev/ppu/lib/gcc/powerpc64-ps3-elf/4.7.0/../../../../powerpc64-ps3-elf/lib/libm.a(lib_a-s_matherr.o)
                0x000000000001fcb0                .matherr
 .text          0x000000000001fcc4        0x0 /opt/ps3dev/ppu/lib/gcc/powerpc64-ps3-elf/4.7.0/../../../../powerpc64-ps3-elf/lib/libm.a(lib_a-sf_copysign.o)
 *fill*         0x000000000001fcc4        0x4 60000000
 .text.copysignf
                0x000000000001fcc8       0x34 /opt/ps3dev/ppu/lib/gcc/powerpc64-ps3-elf/4.7.0/../../../../powerpc64-ps3-elf/lib/libm.a(lib_a-sf_copysign.o)
                0x000000000001fcc8                .copysignf
 .text          0x000000000001fcfc        0x0 /opt/ps3dev/ppu/lib/gcc/powerpc64-ps3-elf/4.7.0/../../../../powerpc64-ps3-elf/lib/libsysbase.a(syscalls.o)
 .text          0x000000000001fcfc        0x0 /opt/ps3dev/ppu/lib/gcc/powerpc64-ps3-elf/4.7.0/../../../../powerpc64-ps3-elf/lib/libsysbase.a(sleep.o)
 *fill*         0x000000000001fcfc        0x4 60000000
 .text.usleep   0x000000000001fd00       0x80 /opt/ps3dev/ppu/lib/gcc/powerpc64-ps3-elf/4.7.0/../../../../powerpc64-ps3-elf/lib/libsysbase.a(sleep.o)
                0x000000000001fd00                .usleep
 .text.sleep    0x000000000001fd80       0x94 /opt/ps3dev/ppu/lib/gcc/powerpc64-ps3-elf/4.7.0/../../../../powerpc64-ps3-elf/lib/libsysbase.a(sleep.o)
                0x000000000001fd80                .sleep
 .text          0x000000000001fe14        0x0 /opt/ps3dev/ppu/lib/gcc/powerpc64-ps3-elf/4.7.0/../../../../powerpc64-ps3-elf/lib/libc.a(lib_a-assert.o)
 *fill*         0x000000000001fe14        0x4 60000000
 .text.__assert_func
                0x000000000001fe18       0x80 /opt/ps3dev/ppu/lib/gcc/powerpc64-ps3-elf/4.7.0/../../../../powerpc64-ps3-elf/lib/libc.a(lib_a-assert.o)
                0x000000000001fe18                .__assert_func
 .text.__assert
                0x000000000001fe98       0x24 /opt/ps3dev/ppu/lib/gcc/powerpc64-ps3-elf/4.7.0/../../../../powerpc64-ps3-elf/lib/libc.a(lib_a-assert.o)
                0x000000000001fe98                .__assert
 .text          0x000000000001febc        0x0 /opt/ps3dev/ppu/lib/gcc/powerpc64-ps3-elf/4.7.0/../../../../powerpc64-ps3-elf/lib/libc.a(lib_a-atexit.o)
 *fill*         0x000000000001febc        0x4 60000000
 .text.atexit   0x000000000001fec0       0x40 /opt/ps3dev/ppu/lib/gcc/powerpc64-ps3-elf/4.7.0/../../../../powerpc64-ps3-elf/lib/libc.a(lib_a-atexit.o)
                0x000000000001fec0                .atexit
 .text          0x000000000001ff00        0x0 /opt/ps3dev/ppu/lib/gcc/powerpc64-ps3-elf/4.7.0/../../../../powerpc64-ps3-elf/lib/libc.a(lib_a-errno.o)
 .text.__errno  0x000000000001ff00       0x30 /opt/ps3dev/ppu/lib/gcc/powerpc64-ps3-elf/4.7.0/../../../../powerpc64-ps3-elf/lib/libc.a(lib_a-errno.o)
                0x000000000001ff00                .__errno
 .text          0x000000000001ff30        0x0 /opt/ps3dev/ppu/lib/gcc/powerpc64-ps3-elf/4.7.0/../../../../powerpc64-ps3-elf/lib/libc.a(lib_a-exit.o)
 .text.exit     0x000000000001ff30       0x68 /opt/ps3dev/ppu/lib/gcc/powerpc64-ps3-elf/4.7.0/../../../../powerpc64-ps3-elf/lib/libc.a(lib_a-exit.o)
                0x000000000001ff30                .exit
 .text          0x000000000001ff98        0x0 /opt/ps3dev/ppu/lib/gcc/powerpc64-ps3-elf/4.7.0/../../../../powerpc64-ps3-elf/lib/libc.a(lib_a-fiprintf.o)
 .text._fiprintf_r
                0x000000000001ff98       0x50 /opt/ps3dev/ppu/lib/gcc/powerpc64-ps3-elf/4.7.0/../../../../powerpc64-ps3-elf/lib/libc.a(lib_a-fiprintf.o)
                0x000000000001ff98                ._fiprintf_r
 .text.fiprintf
                0x000000000001ffe8       0x7c /opt/ps3dev/ppu/lib/gcc/powerpc64-ps3-elf/4.7.0/../../../../powerpc64-ps3-elf/lib/libc.a(lib_a-fiprintf.o)
                0x000000000001ffe8                .fiprintf
 .text          0x0000000000020064        0x0 /opt/ps3dev/ppu/lib/gcc/powerpc64-ps3-elf/4.7.0/../../../../powerpc64-ps3-elf/lib/libc.a(lib_a-getreent.o)
 *fill*         0x0000000000020064        0x4 60000000
 .text.__getreent
                0x0000000000020068      0x1f0 /opt/ps3dev/ppu/lib/gcc/powerpc64-ps3-elf/4.7.0/../../../../powerpc64-ps3-elf/lib/libc.a(lib_a-getreent.o)
                0x0000000000020068                .__getreent
 .text          0x0000000000020258        0x0 /opt/ps3dev/ppu/lib/gcc/powerpc64-ps3-elf/4.7.0/../../../../powerpc64-ps3-elf/lib/libc.a(lib_a-impure.o)
 .text          0x0000000000020258        0x0 /opt/ps3dev/ppu/lib/gcc/powerpc64-ps3-elf/4.7.0/../../../../powerpc64-ps3-elf/lib/libc.a(lib_a-malign.o)
 .text.memalign
                0x0000000000020258       0x58 /opt/ps3dev/ppu/lib/gcc/powerpc64-ps3-elf/4.7.0/../../../../powerpc64-ps3-elf/lib/libc.a(lib_a-malign.o)
                0x0000000000020258                .memalign
 .text          0x00000000000202b0        0x0 /opt/ps3dev/ppu/lib/gcc/powerpc64-ps3-elf/4.7.0/../../../../powerpc64-ps3-elf/lib/libc.a(lib_a-malignr.o)
 .text._memalign_r
                0x00000000000202b0      0x214 /opt/ps3dev/ppu/lib/gcc/powerpc64-ps3-elf/4.7.0/../../../../powerpc64-ps3-elf/lib/libc.a(lib_a-malignr.o)
                0x00000000000202b0                ._memalign_r
 .text          0x00000000000204c4        0x0 /opt/ps3dev/ppu/lib/gcc/powerpc64-ps3-elf/4.7.0/../../../../powerpc64-ps3-elf/lib/libc.a(lib_a-malloc.o)
 *fill*         0x00000000000204c4        0x4 60000000
 .text.malloc   0x00000000000204c8       0x48 /opt/ps3dev/ppu/lib/gcc/powerpc64-ps3-elf/4.7.0/../../../../powerpc64-ps3-elf/lib/libc.a(lib_a-malloc.o)
                0x00000000000204c8                .malloc
 .text.free     0x0000000000020510       0x48 /opt/ps3dev/ppu/lib/gcc/powerpc64-ps3-elf/4.7.0/../../../../powerpc64-ps3-elf/lib/libc.a(lib_a-malloc.o)
                0x0000000000020510                .free
 .text          0x0000000000020558        0x0 /opt/ps3dev/ppu/lib/gcc/powerpc64-ps3-elf/4.7.0/../../../../powerpc64-ps3-elf/lib/libc.a(lib_a-mallocr.o)
 .text._malloc_r
                0x0000000000020558      0xa10 /opt/ps3dev/ppu/lib/gcc/powerpc64-ps3-elf/4.7.0/../../../../powerpc64-ps3-elf/lib/libc.a(lib_a-mallocr.o)
                0x0000000000020558                ._malloc_r
 .text          0x0000000000020f68        0x0 /opt/ps3dev/ppu/lib/gcc/powerpc64-ps3-elf/4.7.0/../../../../powerpc64-ps3-elf/lib/libc.a(lib_a-memcpy.o)
 .text.memcpy   0x0000000000020f68      0x108 /opt/ps3dev/ppu/lib/gcc/powerpc64-ps3-elf/4.7.0/../../../../powerpc64-ps3-elf/lib/libc.a(lib_a-memcpy.o)
                0x0000000000020f68                .memcpy
 .text          0x0000000000021070        0x0 /opt/ps3dev/ppu/lib/gcc/powerpc64-ps3-elf/4.7.0/../../../../powerpc64-ps3-elf/lib/libc.a(lib_a-memset.o)
 .text.memset   0x0000000000021070      0x148 /opt/ps3dev/ppu/lib/gcc/powerpc64-ps3-elf/4.7.0/../../../../powerpc64-ps3-elf/lib/libc.a(lib_a-memset.o)
                0x0000000000021070                .memset
 .text          0x00000000000211b8        0x0 /opt/ps3dev/ppu/lib/gcc/powerpc64-ps3-elf/4.7.0/../../../../powerpc64-ps3-elf/lib/libc.a(lib_a-mlock.o)
 .text.__malloc_lock
                0x00000000000211b8       0x34 /opt/ps3dev/ppu/lib/gcc/powerpc64-ps3-elf/4.7.0/../../../../powerpc64-ps3-elf/lib/libc.a(lib_a-mlock.o)
                0x00000000000211b8                .__malloc_lock
 *fill*         0x00000000000211ec        0x4 60000000
 .text.__malloc_unlock
                0x00000000000211f0       0x34 /opt/ps3dev/ppu/lib/gcc/powerpc64-ps3-elf/4.7.0/../../../../powerpc64-ps3-elf/lib/libc.a(lib_a-mlock.o)
                0x00000000000211f0                .__malloc_unlock
 .text          0x0000000000021224        0x0 /opt/ps3dev/ppu/lib/gcc/powerpc64-ps3-elf/4.7.0/../../../../powerpc64-ps3-elf/lib/libc.a(lib_a-printf.o)
 *fill*         0x0000000000021224        0x4 60000000
 .text._printf_r
                0x0000000000021228       0x60 /opt/ps3dev/ppu/lib/gcc/powerpc64-ps3-elf/4.7.0/../../../../powerpc64-ps3-elf/lib/libc.a(lib_a-printf.o)
                0x0000000000021228                ._printf_r
 .text.printf   0x0000000000021288       0x74 /opt/ps3dev/ppu/lib/gcc/powerpc64-ps3-elf/4.7.0/../../../../powerpc64-ps3-elf/lib/libc.a(lib_a-printf.o)
                0x0000000000021288                .printf
 .text          0x00000000000212fc        0x0 /opt/ps3dev/ppu/lib/gcc/powerpc64-ps3-elf/4.7.0/../../../../powerpc64-ps3-elf/lib/libc.a(lib_a-rand.o)
 *fill*         0x00000000000212fc        0x4 60000000
 .text.srand    0x0000000000021300       0x40 /opt/ps3dev/ppu/lib/gcc/powerpc64-ps3-elf/4.7.0/../../../../powerpc64-ps3-elf/lib/libc.a(lib_a-rand.o)
                0x0000000000021300                .srand
 .text.rand     0x0000000000021340       0x78 /opt/ps3dev/ppu/lib/gcc/powerpc64-ps3-elf/4.7.0/../../../../powerpc64-ps3-elf/lib/libc.a(lib_a-rand.o)
                0x0000000000021340                .rand
 .text          0x00000000000213b8        0x0 /opt/ps3dev/ppu/lib/gcc/powerpc64-ps3-elf/4.7.0/../../../../powerpc64-ps3-elf/lib/libc.a(lib_a-strcasecmp.o)
 .text.strcasecmp
                0x00000000000213b8       0xb8 /opt/ps3dev/ppu/lib/gcc/powerpc64-ps3-elf/4.7.0/../../../../powerpc64-ps3-elf/lib/libc.a(lib_a-strcasecmp.o)
                0x00000000000213b8                .strcasecmp
 .text          0x0000000000021470        0x0 /opt/ps3dev/ppu/lib/gcc/powerpc64-ps3-elf/4.7.0/../../../../powerpc64-ps3-elf/lib/libc.a(lib_a-vfiprintf.o)
 .text.__sprint_r
                0x0000000000021470      0x170 /opt/ps3dev/ppu/lib/gcc/powerpc64-ps3-elf/4.7.0/../../../../powerpc64-ps3-elf/lib/libc.a(lib_a-vfiprintf.o)
                0x0000000000021470                .__sprint_r
 .text._vfiprintf_r
                0x00000000000215e0     0x11a4 /opt/ps3dev/ppu/lib/gcc/powerpc64-ps3-elf/4.7.0/../../../../powerpc64-ps3-elf/lib/libc.a(lib_a-vfiprintf.o)
                0x00000000000215e0                ._vfiprintf_r
 *fill*         0x0000000000022784        0x4 60000000
 .text.vfiprintf
                0x0000000000022788       0x60 /opt/ps3dev/ppu/lib/gcc/powerpc64-ps3-elf/4.7.0/../../../../powerpc64-ps3-elf/lib/libc.a(lib_a-vfiprintf.o)
                0x0000000000022788                .vfiprintf
 .text          0x00000000000227e8        0x0 /opt/ps3dev/ppu/lib/gcc/powerpc64-ps3-elf/4.7.0/../../../../powerpc64-ps3-elf/lib/libc.a(lib_a-vfprintf.o)
 .text._vfprintf_r
                0x00000000000227e8     0x2184 /opt/ps3dev/ppu/lib/gcc/powerpc64-ps3-elf/4.7.0/../../../../powerpc64-ps3-elf/lib/libc.a(lib_a-vfprintf.o)
                0x00000000000227e8                ._vfprintf_r
 *fill*         0x000000000002496c        0x4 60000000
 .text.vfprintf
                0x0000000000024970       0x60 /opt/ps3dev/ppu/lib/gcc/powerpc64-ps3-elf/4.7.0/../../../../powerpc64-ps3-elf/lib/libc.a(lib_a-vfprintf.o)
                0x0000000000024970                .vfprintf
 .text          0x00000000000249d0        0x0 /opt/ps3dev/ppu/lib/gcc/powerpc64-ps3-elf/4.7.0/../../../../powerpc64-ps3-elf/lib/libc.a(lib_a-wsetup.o)
 .text.__swsetup_r
                0x00000000000249d0      0x1fc /opt/ps3dev/ppu/lib/gcc/powerpc64-ps3-elf/4.7.0/../../../../powerpc64-ps3-elf/lib/libc.a(lib_a-wsetup.o)
                0x00000000000249d0                .__swsetup_r
 .text          0x0000000000024bcc        0x0 /opt/ps3dev/ppu/lib/gcc/powerpc64-ps3-elf/4.7.0/../../../../powerpc64-ps3-elf/lib/libc.a(lib_a-abort.o)
 *fill*         0x0000000000024bcc        0x4 60000000
 .text.abort    0x0000000000024bd0       0x30 /opt/ps3dev/ppu/lib/gcc/powerpc64-ps3-elf/4.7.0/../../../../powerpc64-ps3-elf/lib/libc.a(lib_a-abort.o)
                0x0000000000024bd0                .abort
 .text          0x0000000000024c00        0x0 /opt/ps3dev/ppu/lib/gcc/powerpc64-ps3-elf/4.7.0/../../../../powerpc64-ps3-elf/lib/libc.a(lib_a-__atexit.o)
 .text.__register_exitproc
                0x0000000000024c00      0x1b8 /opt/ps3dev/ppu/lib/gcc/powerpc64-ps3-elf/4.7.0/../../../../powerpc64-ps3-elf/lib/libc.a(lib_a-__atexit.o)
                0x0000000000024c00                .__register_exitproc
 .text          0x0000000000024db8        0x0 /opt/ps3dev/ppu/lib/gcc/powerpc64-ps3-elf/4.7.0/../../../../powerpc64-ps3-elf/lib/libc.a(lib_a-__call_atexit.o)
 .text.__call_exitprocs
                0x0000000000024db8      0x24c /opt/ps3dev/ppu/lib/gcc/powerpc64-ps3-elf/4.7.0/../../../../powerpc64-ps3-elf/lib/libc.a(lib_a-__call_atexit.o)
                0x0000000000024db8                .__call_exitprocs
 .text          0x0000000000025004        0x0 /opt/ps3dev/ppu/lib/gcc/powerpc64-ps3-elf/4.7.0/../../../../powerpc64-ps3-elf/lib/libc.a(lib_a-ctype_.o)
 .text          0x0000000000025004        0x0 /opt/ps3dev/ppu/lib/gcc/powerpc64-ps3-elf/4.7.0/../../../../powerpc64-ps3-elf/lib/libc.a(lib_a-dtoa.o)
 *fill*         0x0000000000025004        0x4 60000000
 .text.quorem   0x0000000000025008      0x258 /opt/ps3dev/ppu/lib/gcc/powerpc64-ps3-elf/4.7.0/../../../../powerpc64-ps3-elf/lib/libc.a(lib_a-dtoa.o)
 .text._dtoa_r  0x0000000000025260     0x1350 /opt/ps3dev/ppu/lib/gcc/powerpc64-ps3-elf/4.7.0/../../../../powerpc64-ps3-elf/lib/libc.a(lib_a-dtoa.o)
                0x0000000000025260                ._dtoa_r
 .text          0x00000000000265b0        0x0 /opt/ps3dev/ppu/lib/gcc/powerpc64-ps3-elf/4.7.0/../../../../powerpc64-ps3-elf/lib/libc.a(lib_a-fflush.o)
 .text.__sflush_r
                0x00000000000265b0      0x360 /opt/ps3dev/ppu/lib/gcc/powerpc64-ps3-elf/4.7.0/../../../../powerpc64-ps3-elf/lib/libc.a(lib_a-fflush.o)
                0x00000000000265b0                .__sflush_r
 .text._fflush_r
                0x0000000000026910      0x120 /opt/ps3dev/ppu/lib/gcc/powerpc64-ps3-elf/4.7.0/../../../../powerpc64-ps3-elf/lib/libc.a(lib_a-fflush.o)
                0x0000000000026910                ._fflush_r
 .text.fflush   0x0000000000026a30       0x74 /opt/ps3dev/ppu/lib/gcc/powerpc64-ps3-elf/4.7.0/../../../../powerpc64-ps3-elf/lib/libc.a(lib_a-fflush.o)
                0x0000000000026a30                .fflush
 .text          0x0000000000026aa4        0x0 /opt/ps3dev/ppu/lib/gcc/powerpc64-ps3-elf/4.7.0/../../../../powerpc64-ps3-elf/lib/libc.a(lib_a-findfp.o)
 *fill*         0x0000000000026aa4        0x4 60000000
 .text._cleanup_r
                0x0000000000026aa8       0x34 /opt/ps3dev/ppu/lib/gcc/powerpc64-ps3-elf/4.7.0/../../../../powerpc64-ps3-elf/lib/libc.a(lib_a-findfp.o)
                0x0000000000026aa8                ._cleanup_r
 *fill*         0x0000000000026adc        0x4 60000000
 .text.__fp_unlock
                0x0000000000026ae0       0x58 /opt/ps3dev/ppu/lib/gcc/powerpc64-ps3-elf/4.7.0/../../../../powerpc64-ps3-elf/lib/libc.a(lib_a-findfp.o)
 .text.__fp_lock
                0x0000000000026b38       0x58 /opt/ps3dev/ppu/lib/gcc/powerpc64-ps3-elf/4.7.0/../../../../powerpc64-ps3-elf/lib/libc.a(lib_a-findfp.o)
 .text.std.isra.0
                0x0000000000026b90       0xa0 /opt/ps3dev/ppu/lib/gcc/powerpc64-ps3-elf/4.7.0/../../../../powerpc64-ps3-elf/lib/libc.a(lib_a-findfp.o)
 .text.__sfmoreglue
                0x0000000000026c30       0x94 /opt/ps3dev/ppu/lib/gcc/powerpc64-ps3-elf/4.7.0/../../../../powerpc64-ps3-elf/lib/libc.a(lib_a-findfp.o)
                0x0000000000026c30                .__sfmoreglue
 *fill*         0x0000000000026cc4        0x4 60000000
 .text._cleanup
                0x0000000000026cc8       0x18 /opt/ps3dev/ppu/lib/gcc/powerpc64-ps3-elf/4.7.0/../../../../powerpc64-ps3-elf/lib/libc.a(lib_a-findfp.o)
                0x0000000000026cc8                ._cleanup
 .text.__sfp_lock_acquire
                0x0000000000026ce0       0x34 /opt/ps3dev/ppu/lib/gcc/powerpc64-ps3-elf/4.7.0/../../../../powerpc64-ps3-elf/lib/libc.a(lib_a-findfp.o)
                0x0000000000026ce0                .__sfp_lock_acquire
 *fill*         0x0000000000026d14        0x4 60000000
 .text.__sfp_lock_release
                0x0000000000026d18       0x34 /opt/ps3dev/ppu/lib/gcc/powerpc64-ps3-elf/4.7.0/../../../../powerpc64-ps3-elf/lib/libc.a(lib_a-findfp.o)
                0x0000000000026d18                .__sfp_lock_release
 *fill*         0x0000000000026d4c        0x4 60000000
 .text.__sinit_lock_acquire
                0x0000000000026d50       0x34 /opt/ps3dev/ppu/lib/gcc/powerpc64-ps3-elf/4.7.0/../../../../powerpc64-ps3-elf/lib/libc.a(lib_a-findfp.o)
                0x0000000000026d50                .__sinit_lock_acquire
 *fill*         0x0000000000026d84        0x4 60000000
 .text.__sinit_lock_release
                0x0000000000026d88       0x34 /opt/ps3dev/ppu/lib/gcc/powerpc64-ps3-elf/4.7.0/../../../../powerpc64-ps3-elf/lib/libc.a(lib_a-findfp.o)
                0x0000000000026d88                .__sinit_lock_release
 *fill*         0x0000000000026dbc        0x4 60000000
 .text.__sinit  0x0000000000026dc0       0x9c /opt/ps3dev/ppu/lib/gcc/powerpc64-ps3-elf/4.7.0/../../../../powerpc64-ps3-elf/lib/libc.a(lib_a-findfp.o)
                0x0000000000026dc0                .__sinit
 *fill*         0x0000000000026e5c        0x4 60000000
 .text.__sfp    0x0000000000026e60      0x16c /opt/ps3dev/ppu/lib/gcc/powerpc64-ps3-elf/4.7.0/../../../../powerpc64-ps3-elf/lib/libc.a(lib_a-findfp.o)
                0x0000000000026e60                .__sfp
 *fill*         0x0000000000026fcc        0x4 60000000
 .text.__fp_lock_all
                0x0000000000026fd0       0x40 /opt/ps3dev/ppu/lib/gcc/powerpc64-ps3-elf/4.7.0/../../../../powerpc64-ps3-elf/lib/libc.a(lib_a-findfp.o)
                0x0000000000026fd0                .__fp_lock_all
 .text.__fp_unlock_all
                0x0000000000027010       0x3c /opt/ps3dev/ppu/lib/gcc/powerpc64-ps3-elf/4.7.0/../../../../powerpc64-ps3-elf/lib/libc.a(lib_a-findfp.o)
                0x0000000000027010                .__fp_unlock_all
 .text          0x000000000002704c        0x0 /opt/ps3dev/ppu/lib/gcc/powerpc64-ps3-elf/4.7.0/../../../../powerpc64-ps3-elf/lib/libc.a(lib_a-fputwc.o)
 *fill*         0x000000000002704c        0x4 60000000
 .text._fputwc_r
                0x0000000000027050      0x238 /opt/ps3dev/ppu/lib/gcc/powerpc64-ps3-elf/4.7.0/../../../../powerpc64-ps3-elf/lib/libc.a(lib_a-fputwc.o)
                0x0000000000027050                ._fputwc_r
 .text.fputwc   0x0000000000027288       0xac /opt/ps3dev/ppu/lib/gcc/powerpc64-ps3-elf/4.7.0/../../../../powerpc64-ps3-elf/lib/libc.a(lib_a-fputwc.o)
                0x0000000000027288                .fputwc
 .text          0x0000000000027334        0x0 /opt/ps3dev/ppu/lib/gcc/powerpc64-ps3-elf/4.7.0/../../../../powerpc64-ps3-elf/lib/libc.a(lib_a-freer.o)
 *fill*         0x0000000000027334        0x4 60000000
 .text._malloc_trim_r
                0x0000000000027338      0x15c /opt/ps3dev/ppu/lib/gcc/powerpc64-ps3-elf/4.7.0/../../../../powerpc64-ps3-elf/lib/libc.a(lib_a-freer.o)
                0x0000000000027338                ._malloc_trim_r
 *fill*         0x0000000000027494        0x4 60000000
 .text._free_r  0x0000000000027498      0x348 /opt/ps3dev/ppu/lib/gcc/powerpc64-ps3-elf/4.7.0/../../../../powerpc64-ps3-elf/lib/libc.a(lib_a-freer.o)
                0x0000000000027498                ._free_r
 .text          0x00000000000277e0        0x0 /opt/ps3dev/ppu/lib/gcc/powerpc64-ps3-elf/4.7.0/../../../../powerpc64-ps3-elf/lib/libc.a(lib_a-fvwrite.o)
 .text.__sfvwrite_r
                0x00000000000277e0      0x66c /opt/ps3dev/ppu/lib/gcc/powerpc64-ps3-elf/4.7.0/../../../../powerpc64-ps3-elf/lib/libc.a(lib_a-fvwrite.o)
                0x00000000000277e0                .__sfvwrite_r
 .text          0x0000000000027e4c        0x0 /opt/ps3dev/ppu/lib/gcc/powerpc64-ps3-elf/4.7.0/../../../../powerpc64-ps3-elf/lib/libc.a(lib_a-fwalk.o)
 *fill*         0x0000000000027e4c        0x4 60000000
 .text._fwalk   0x0000000000027e50      0x120 /opt/ps3dev/ppu/lib/gcc/powerpc64-ps3-elf/4.7.0/../../../../powerpc64-ps3-elf/lib/libc.a(lib_a-fwalk.o)
                0x0000000000027e50                ._fwalk
 .text._fwalk_reent
                0x0000000000027f70      0x130 /opt/ps3dev/ppu/lib/gcc/powerpc64-ps3-elf/4.7.0/../../../../powerpc64-ps3-elf/lib/libc.a(lib_a-fwalk.o)
                0x0000000000027f70                ._fwalk_reent
 .text          0x00000000000280a0        0x0 /opt/ps3dev/ppu/lib/gcc/powerpc64-ps3-elf/4.7.0/../../../../powerpc64-ps3-elf/lib/libc.a(lib_a-locale.o)
 .text._setlocale_r
                0x00000000000280a0       0xb4 /opt/ps3dev/ppu/lib/gcc/powerpc64-ps3-elf/4.7.0/../../../../powerpc64-ps3-elf/lib/libc.a(lib_a-locale.o)
                0x00000000000280a0                ._setlocale_r
 *fill*         0x0000000000028154        0x4 60000000
 .text.__locale_charset
                0x0000000000028158       0x14 /opt/ps3dev/ppu/lib/gcc/powerpc64-ps3-elf/4.7.0/../../../../powerpc64-ps3-elf/lib/libc.a(lib_a-locale.o)
                0x0000000000028158                .__locale_charset
 *fill*         0x000000000002816c        0x4 60000000
 .text.__locale_mb_cur_max
                0x0000000000028170       0x1c /opt/ps3dev/ppu/lib/gcc/powerpc64-ps3-elf/4.7.0/../../../../powerpc64-ps3-elf/lib/libc.a(lib_a-locale.o)
                0x0000000000028170                .__locale_mb_cur_max
 *fill*         0x000000000002818c        0x4 60000000
 .text.__locale_msgcharset
                0x0000000000028190       0x14 /opt/ps3dev/ppu/lib/gcc/powerpc64-ps3-elf/4.7.0/../../../../powerpc64-ps3-elf/lib/libc.a(lib_a-locale.o)
                0x0000000000028190                .__locale_msgcharset
 *fill*         0x00000000000281a4        0x4 60000000
 .text.__locale_cjk_lang
                0x00000000000281a8       0x14 /opt/ps3dev/ppu/lib/gcc/powerpc64-ps3-elf/4.7.0/../../../../powerpc64-ps3-elf/lib/libc.a(lib_a-locale.o)
                0x00000000000281a8                .__locale_cjk_lang
 *fill*         0x00000000000281bc        0x4 60000000
 .text._localeconv_r
                0x00000000000281c0       0x14 /opt/ps3dev/ppu/lib/gcc/powerpc64-ps3-elf/4.7.0/../../../../powerpc64-ps3-elf/lib/libc.a(lib_a-locale.o)
                0x00000000000281c0                ._localeconv_r
 *fill*         0x00000000000281d4        0x4 60000000
 .text.setlocale
                0x00000000000281d8       0x50 /opt/ps3dev/ppu/lib/gcc/powerpc64-ps3-elf/4.7.0/../../../../powerpc64-ps3-elf/lib/libc.a(lib_a-locale.o)
                0x00000000000281d8                .setlocale
 .text.localeconv
                0x0000000000028228       0x34 /opt/ps3dev/ppu/lib/gcc/powerpc64-ps3-elf/4.7.0/../../../../powerpc64-ps3-elf/lib/libc.a(lib_a-locale.o)
                0x0000000000028228                .localeconv
 .text          0x000000000002825c        0x0 /opt/ps3dev/ppu/lib/gcc/powerpc64-ps3-elf/4.7.0/../../../../powerpc64-ps3-elf/lib/libc.a(lib_a-lock_recursive.o)
 *fill*         0x000000000002825c        0x4 60000000
 .text.__libc_lock_init_recursive
                0x0000000000028260       0x34 /opt/ps3dev/ppu/lib/gcc/powerpc64-ps3-elf/4.7.0/../../../../powerpc64-ps3-elf/lib/libc.a(lib_a-lock_recursive.o)
                0x0000000000028260                .__libc_lock_init_recursive
 *fill*         0x0000000000028294        0x4 60000000
 .text.__libc_lock_close_recursive
                0x0000000000028298       0x30 /opt/ps3dev/ppu/lib/gcc/powerpc64-ps3-elf/4.7.0/../../../../powerpc64-ps3-elf/lib/libc.a(lib_a-lock_recursive.o)
                0x0000000000028298                .__libc_lock_close_recursive
 .text.__libc_lock_acquire_recursive
                0x00000000000282c8       0x58 /opt/ps3dev/ppu/lib/gcc/powerpc64-ps3-elf/4.7.0/../../../../powerpc64-ps3-elf/lib/libc.a(lib_a-lock_recursive.o)
                0x00000000000282c8                .__libc_lock_acquire_recursive
 .text.__libc_lock_try_acquire_recursive
                0x0000000000028320       0x54 /opt/ps3dev/ppu/lib/gcc/powerpc64-ps3-elf/4.7.0/../../../../powerpc64-ps3-elf/lib/libc.a(lib_a-lock_recursive.o)
                0x0000000000028320                .__libc_lock_try_acquire_recursive
 *fill*         0x0000000000028374        0x4 60000000
 .text.__libc_lock_release_recursive
                0x0000000000028378       0x54 /opt/ps3dev/ppu/lib/gcc/powerpc64-ps3-elf/4.7.0/../../../../powerpc64-ps3-elf/lib/libc.a(lib_a-lock_recursive.o)
                0x0000000000028378                .__libc_lock_release_recursive
 .text          0x00000000000283cc        0x0 /opt/ps3dev/ppu/lib/gcc/powerpc64-ps3-elf/4.7.0/../../../../powerpc64-ps3-elf/lib/libc.a(lib_a-makebuf.o)
 *fill*         0x00000000000283cc        0x4 60000000
 .text.__smakebuf_r
                0x00000000000283d0      0x214 /opt/ps3dev/ppu/lib/gcc/powerpc64-ps3-elf/4.7.0/../../../../powerpc64-ps3-elf/lib/libc.a(lib_a-makebuf.o)
                0x00000000000283d0                .__smakebuf_r
 .text          0x00000000000285e4        0x0 /opt/ps3dev/ppu/lib/gcc/powerpc64-ps3-elf/4.7.0/../../../../powerpc64-ps3-elf/lib/libc.a(lib_a-memchr.o)
 *fill*         0x00000000000285e4        0x4 60000000
 .text.memchr   0x00000000000285e8      0x130 /opt/ps3dev/ppu/lib/gcc/powerpc64-ps3-elf/4.7.0/../../../../powerpc64-ps3-elf/lib/libc.a(lib_a-memchr.o)
                0x00000000000285e8                .memchr
 .text          0x0000000000028718        0x0 /opt/ps3dev/ppu/lib/gcc/powerpc64-ps3-elf/4.7.0/../../../../powerpc64-ps3-elf/lib/libc.a(lib_a-memmove.o)
 .text.memmove  0x0000000000028718      0x158 /opt/ps3dev/ppu/lib/gcc/powerpc64-ps3-elf/4.7.0/../../../../powerpc64-ps3-elf/lib/libc.a(lib_a-memmove.o)
                0x0000000000028718                .memmove
 .text          0x0000000000028870        0x0 /opt/ps3dev/ppu/lib/gcc/powerpc64-ps3-elf/4.7.0/../../../../powerpc64-ps3-elf/lib/libc.a(lib_a-mprec.o)
 .text._Balloc  0x0000000000028870       0xd8 /opt/ps3dev/ppu/lib/gcc/powerpc64-ps3-elf/4.7.0/../../../../powerpc64-ps3-elf/lib/libc.a(lib_a-mprec.o)
                0x0000000000028870                ._Balloc
 .text._Bfree   0x0000000000028948       0x34 /opt/ps3dev/ppu/lib/gcc/powerpc64-ps3-elf/4.7.0/../../../../powerpc64-ps3-elf/lib/libc.a(lib_a-mprec.o)
                0x0000000000028948                ._Bfree
 *fill*         0x000000000002897c        0x4 60000000
 .text.__multadd
                0x0000000000028980      0x16c /opt/ps3dev/ppu/lib/gcc/powerpc64-ps3-elf/4.7.0/../../../../powerpc64-ps3-elf/lib/libc.a(lib_a-mprec.o)
                0x0000000000028980                .__multadd
 *fill*         0x0000000000028aec        0x4 60000000
 .text.__s2b    0x0000000000028af0      0x180 /opt/ps3dev/ppu/lib/gcc/powerpc64-ps3-elf/4.7.0/../../../../powerpc64-ps3-elf/lib/libc.a(lib_a-mprec.o)
                0x0000000000028af0                .__s2b
 .text.__hi0bits
                0x0000000000028c70       0x98 /opt/ps3dev/ppu/lib/gcc/powerpc64-ps3-elf/4.7.0/../../../../powerpc64-ps3-elf/lib/libc.a(lib_a-mprec.o)
                0x0000000000028c70                .__hi0bits
 .text.__lo0bits
                0x0000000000028d08       0xec /opt/ps3dev/ppu/lib/gcc/powerpc64-ps3-elf/4.7.0/../../../../powerpc64-ps3-elf/lib/libc.a(lib_a-mprec.o)
                0x0000000000028d08                .__lo0bits
 *fill*         0x0000000000028df4        0x4 60000000
 .text.__i2b    0x0000000000028df8       0x48 /opt/ps3dev/ppu/lib/gcc/powerpc64-ps3-elf/4.7.0/../../../../powerpc64-ps3-elf/lib/libc.a(lib_a-mprec.o)
                0x0000000000028df8                .__i2b
 .text.__multiply
                0x0000000000028e40      0x28c /opt/ps3dev/ppu/lib/gcc/powerpc64-ps3-elf/4.7.0/../../../../powerpc64-ps3-elf/lib/libc.a(lib_a-mprec.o)
                0x0000000000028e40                .__multiply
 *fill*         0x00000000000290cc        0x4 60000000
 .text.__pow5mult
                0x00000000000290d0      0x15c /opt/ps3dev/ppu/lib/gcc/powerpc64-ps3-elf/4.7.0/../../../../powerpc64-ps3-elf/lib/libc.a(lib_a-mprec.o)
                0x00000000000290d0                .__pow5mult
 *fill*         0x000000000002922c        0x4 60000000
 .text.__lshift
                0x0000000000029230      0x1c4 /opt/ps3dev/ppu/lib/gcc/powerpc64-ps3-elf/4.7.0/../../../../powerpc64-ps3-elf/lib/libc.a(lib_a-mprec.o)
                0x0000000000029230                .__lshift
 *fill*         0x00000000000293f4        0x4 60000000
 .text.__mcmp   0x00000000000293f8       0x84 /opt/ps3dev/ppu/lib/gcc/powerpc64-ps3-elf/4.7.0/../../../../powerpc64-ps3-elf/lib/libc.a(lib_a-mprec.o)
                0x00000000000293f8                .__mcmp
 *fill*         0x000000000002947c        0x4 60000000
 .text.__mdiff  0x0000000000029480      0x1fc /opt/ps3dev/ppu/lib/gcc/powerpc64-ps3-elf/4.7.0/../../../../powerpc64-ps3-elf/lib/libc.a(lib_a-mprec.o)
                0x0000000000029480                .__mdiff
 *fill*         0x000000000002967c        0x4 60000000
 .text.__ulp    0x0000000000029680       0xb0 /opt/ps3dev/ppu/lib/gcc/powerpc64-ps3-elf/4.7.0/../../../../powerpc64-ps3-elf/lib/libc.a(lib_a-mprec.o)
                0x0000000000029680                .__ulp
 .text.__b2d    0x0000000000029730      0x1a0 /opt/ps3dev/ppu/lib/gcc/powerpc64-ps3-elf/4.7.0/../../../../powerpc64-ps3-elf/lib/libc.a(lib_a-mprec.o)
                0x0000000000029730                .__b2d
 .text.__d2b    0x00000000000298d0      0x1a4 /opt/ps3dev/ppu/lib/gcc/powerpc64-ps3-elf/4.7.0/../../../../powerpc64-ps3-elf/lib/libc.a(lib_a-mprec.o)
                0x00000000000298d0                .__d2b
 *fill*         0x0000000000029a74        0x4 60000000
 .text.__ratio  0x0000000000029a78       0xf8 /opt/ps3dev/ppu/lib/gcc/powerpc64-ps3-elf/4.7.0/../../../../powerpc64-ps3-elf/lib/libc.a(lib_a-mprec.o)
                0x0000000000029a78                .__ratio
 .text._mprec_log10
                0x0000000000029b70       0x54 /opt/ps3dev/ppu/lib/gcc/powerpc64-ps3-elf/4.7.0/../../../../powerpc64-ps3-elf/lib/libc.a(lib_a-mprec.o)
                0x0000000000029b70                ._mprec_log10
 *fill*         0x0000000000029bc4        0x4 60000000
 .text.__copybits
                0x0000000000029bc8       0x98 /opt/ps3dev/ppu/lib/gcc/powerpc64-ps3-elf/4.7.0/../../../../powerpc64-ps3-elf/lib/libc.a(lib_a-mprec.o)
                0x0000000000029bc8                .__copybits
 .text.__any_on
                0x0000000000029c60       0xcc /opt/ps3dev/ppu/lib/gcc/powerpc64-ps3-elf/4.7.0/../../../../powerpc64-ps3-elf/lib/libc.a(lib_a-mprec.o)
                0x0000000000029c60                .__any_on
 .text          0x0000000000029d2c        0x0 /opt/ps3dev/ppu/lib/gcc/powerpc64-ps3-elf/4.7.0/../../../../powerpc64-ps3-elf/lib/libc.a(lib_a-reallocr.o)
 *fill*         0x0000000000029d2c        0x4 60000000
 .text._realloc_r
                0x0000000000029d30      0x70c /opt/ps3dev/ppu/lib/gcc/powerpc64-ps3-elf/4.7.0/../../../../powerpc64-ps3-elf/lib/libc.a(lib_a-reallocr.o)
                0x0000000000029d30                ._realloc_r
 .text          0x000000000002a43c        0x0 /opt/ps3dev/ppu/lib/gcc/powerpc64-ps3-elf/4.7.0/../../../../powerpc64-ps3-elf/lib/libc.a(lib_a-s_fpclassify.o)
 *fill*         0x000000000002a43c        0x4 60000000
 .text.__fpclassifyd
                0x000000000002a440       0xc0 /opt/ps3dev/ppu/lib/gcc/powerpc64-ps3-elf/4.7.0/../../../../powerpc64-ps3-elf/lib/libc.a(lib_a-s_fpclassify.o)
                0x000000000002a440                .__fpclassifyd
 .text          0x000000000002a500        0x0 /opt/ps3dev/ppu/lib/gcc/powerpc64-ps3-elf/4.7.0/../../../../powerpc64-ps3-elf/lib/libc.a(lib_a-signal.o)
 .text._init_signal_r
                0x000000000002a500       0x90 /opt/ps3dev/ppu/lib/gcc/powerpc64-ps3-elf/4.7.0/../../../../powerpc64-ps3-elf/lib/libc.a(lib_a-signal.o)
                0x000000000002a500                ._init_signal_r
 .text._signal_r
                0x000000000002a590       0x9c /opt/ps3dev/ppu/lib/gcc/powerpc64-ps3-elf/4.7.0/../../../../powerpc64-ps3-elf/lib/libc.a(lib_a-signal.o)
                0x000000000002a590                ._signal_r
 *fill*         0x000000000002a62c        0x4 60000000
 .text._raise_r
                0x000000000002a630      0x10c /opt/ps3dev/ppu/lib/gcc/powerpc64-ps3-elf/4.7.0/../../../../powerpc64-ps3-elf/lib/libc.a(lib_a-signal.o)
                0x000000000002a630                ._raise_r
 *fill*         0x000000000002a73c        0x4 60000000
 .text.__sigtramp_r
                0x000000000002a740       0xd8 /opt/ps3dev/ppu/lib/gcc/powerpc64-ps3-elf/4.7.0/../../../../powerpc64-ps3-elf/lib/libc.a(lib_a-signal.o)
                0x000000000002a740                .__sigtramp_r